  CALL    scripts/checksyscalls.sh
  AR      sound/built-in.a
  AR      drivers/cache/built-in.a
  CC      arch/um/os-Linux/drivers/ethertap_kern.o
  AR      drivers/irqchip/built-in.a
  CC      io_uring/io_uring.o
  AR      drivers/bus/mhi/built-in.a
  CC      net/core/sock.o
  AR      drivers/bus/built-in.a
  AR      drivers/pwm/built-in.a
  AR      drivers/pci/controller/dwc/built-in.a
  AR      drivers/pci/controller/mobiveil/built-in.a
  CC      lib/math/div64.o
  AR      drivers/pci/controller/built-in.a
  AR      drivers/pci/switch/built-in.a
  AR      drivers/pci/built-in.a
  CC      lib/math/gcd.o
  CC      lib/math/lcm.o
  AR      drivers/video/backlight/built-in.a
  AR      drivers/video/fbdev/core/built-in.a
  CC      net/core/request_sock.o
  CC      lib/math/int_log.o
  AR      drivers/video/fbdev/omap/built-in.a
  AR      drivers/video/fbdev/omap2/omapfb/dss/built-in.a
  AR      drivers/video/fbdev/omap2/omapfb/displays/built-in.a
  CC      lib/math/int_pow.o
  AR      drivers/video/fbdev/omap2/omapfb/built-in.a
  AR      drivers/video/fbdev/omap2/built-in.a
  AR      drivers/video/fbdev/built-in.a
  CC      lib/math/int_sqrt.o
  AR      drivers/video/built-in.a
  AR      drivers/idle/built-in.a
  CC      lib/math/reciprocal_div.o
  AR      drivers/char/ipmi/built-in.a
  AR      drivers/amba/built-in.a
  AR      drivers/clk/actions/built-in.a
  AR      lib/math/built-in.a
  AR      drivers/clk/analogbits/built-in.a
  CC      arch/um/drivers/umcast_kern.o
  AR      drivers/clk/bcm/built-in.a
  CC      lib/crypto/memneq.o
  AR      drivers/clk/imgtec/built-in.a
  AR      drivers/clk/imx/built-in.a
  AR      drivers/clk/ingenic/built-in.a
  AR      drivers/clk/keystone/built-in.a
  AR      drivers/clk/mediatek/built-in.a
  CC      arch/um/os-Linux/drivers/ethertap_user.o
  AR      drivers/clk/microchip/built-in.a
  AR      drivers/clk/mstar/built-in.a
  AR      drivers/clk/mvebu/built-in.a
  AR      drivers/clk/ralink/built-in.a
  CC      lib/crypto/utils.o
  AR      drivers/clk/renesas/built-in.a
  CC      arch/um/os-Linux/drivers/tuntap_kern.o
  AR      drivers/clk/socfpga/built-in.a
  AR      drivers/clk/sprd/built-in.a
  CC      lib/argv_split.o
  AR      drivers/clk/starfive/built-in.a
  QUOTE   arch/um/kernel/config.tmp
  AR      drivers/clk/sunxi-ng/built-in.a
  AR      drivers/clk/ti/built-in.a
  AR      drivers/clk/versatile/built-in.a
  AR      drivers/clk/xilinx/built-in.a
  AR      drivers/clk/built-in.a
  QUOTE   arch/um/kernel/config.c
  CC      arch/um/kernel/config.o
  CC      arch/um/drivers/umcast_user.o
  AR      drivers/soc/apple/built-in.a
  CC      lib/crypto/chacha.o
  AR      drivers/soc/aspeed/built-in.a
  AR      drivers/soc/bcm/built-in.a
  AR      arch/um/kernel/built-in.a
  CC      lib/crypto/blake2s.o
  AR      drivers/soc/fsl/built-in.a
  CC      arch/um/drivers/net_kern.o
  AR      drivers/soc/fujitsu/built-in.a
  CC      lib/buildid.o
  AR      drivers/soc/hisilicon/built-in.a
  AR      drivers/soc/imx/built-in.a
  AR      drivers/soc/ixp4xx/built-in.a
  CC      lib/cmdline.o
  AR      drivers/soc/loongson/built-in.a
  AR      drivers/soc/mediatek/built-in.a
  AR      drivers/soc/microchip/built-in.a
  CC      arch/um/os-Linux/drivers/tuntap_user.o
  AR      drivers/soc/nuvoton/built-in.a
  AR      drivers/soc/pxa/built-in.a
  CC      lib/ctype.o
  CC      lib/crypto/blake2s-generic.o
  AR      drivers/soc/amlogic/built-in.a
  AR      drivers/soc/qcom/built-in.a
  CC      lib/crypto/sha1.o
  AR      arch/um/os-Linux/drivers/built-in.a
  AR      drivers/soc/renesas/built-in.a
  AR      drivers/soc/rockchip/built-in.a
  CC      arch/um/os-Linux/skas/mem.o
  AR      drivers/soc/sifive/built-in.a
  AR      drivers/soc/sunxi/built-in.a
  AR      drivers/soc/ti/built-in.a
  AR      drivers/soc/xilinx/built-in.a
  CC      arch/um/os-Linux/skas/process.o
  AR      drivers/soc/built-in.a
  CC      lib/dec_and_lock.o
  AR      drivers/virtio/built-in.a
  AR      drivers/tty/vt/built-in.a
  CC      lib/crypto/sha256.o
  AR      drivers/tty/serial/8250/built-in.a
  AR      drivers/tty/ipwireless/built-in.a
  AR      drivers/tty/serial/built-in.a
  AR      arch/um/os-Linux/skas/built-in.a
  CC      arch/um/os-Linux/execvp.o
  CC      drivers/tty/tty_io.o
  CC      lib/decompress.o
  CC      lib/dump_stack.o
  CC      arch/um/os-Linux/file.o
  CC      net/core/skbuff.o
  CC      arch/um/drivers/net_user.o
  CC      arch/um/drivers/mconsole_kern.o
  CC      arch/um/os-Linux/helper.o
  AR      lib/crypto/built-in.a
  CC      arch/um/os-Linux/irq.o
  CC      arch/um/os-Linux/main.o
  CC      lib/earlycpio.o
  CC      net/core/datagram.o
  CC      arch/um/os-Linux/mem.o
  CC      lib/extable.o
  CC      lib/flex_proportions.o
  CC      arch/um/os-Linux/process.o
  CC      arch/um/os-Linux/registers.o
  CC      arch/um/os-Linux/sigio.o
  CC      arch/um/os-Linux/signal.o
  CC      lib/idr.o
  CC      arch/um/drivers/mconsole_user.o
  CC      arch/um/drivers/ubd_kern.o
  CC      arch/um/os-Linux/start_up.o
  CC      arch/um/os-Linux/time.o
  CC      arch/um/drivers/ubd_user.o
  CC      arch/um/os-Linux/tty.o
  CC      io_uring/xattr.o
  CC      drivers/tty/n_tty.o
  CC      arch/um/os-Linux/umid.o
  CC      lib/irq_regs.o
  CC      lib/is_single_threaded.o
  CC      arch/um/os-Linux/user_syms.o
  CC      arch/um/os-Linux/util.o
  CC      drivers/tty/tty_ioctl.o
  CC      drivers/tty/tty_ldisc.o
  CC      lib/klist.o
  AR      arch/um/os-Linux/built-in.a
  CC      net/core/stream.o
  CC      io_uring/nop.o
  CC      arch/um/drivers/null.o
  CC      arch/um/drivers/port_kern.o
  CC      lib/kobject.o
  CC      arch/um/drivers/port_user.o
  CC      arch/um/drivers/pty.o
  CC      lib/kobject_uevent.o
  CC      drivers/tty/tty_buffer.o
  CC      io_uring/fs.o
  CC      io_uring/splice.o
  CC      arch/um/drivers/tty.o
  CC      arch/um/drivers/xterm.o
  CC      arch/um/drivers/xterm_kern.o
  CC      arch/um/drivers/cow_user.o
  CC      arch/um/drivers/random.o
  CC      drivers/tty/tty_port.o
  CC      drivers/tty/tty_mutex.o
  CC      drivers/tty/tty_ldsem.o
  CC      io_uring/sync.o
  CC      net/ethernet/eth.o
  AR      arch/um/drivers/built-in.a
  AR      arch/um/built-in.a
  AR      net/802/built-in.a
  AR      virt/lib/built-in.a
  CC      lib/logic_pio.o
  AR      virt/built-in.a
  CC      net/sched/sch_generic.o
  CC      net/core/scm.o
  CC      net/core/gen_stats.o
  CC      net/core/gen_estimator.o
  CC      drivers/tty/tty_baudrate.o
  CC      io_uring/advise.o
  CC      lib/maple_tree.o
  CC      drivers/tty/tty_jobctrl.o
  AR      net/ethernet/built-in.a
  CC      drivers/tty/n_null.o
  CC      io_uring/filetable.o
  CC      net/core/net_namespace.o
  CC      drivers/tty/pty.o
  CC      drivers/tty/tty_audit.o
  CC      drivers/char/hw_random/core.o
  CC      drivers/tty/sysrq.o
  CC      io_uring/openclose.o
  CC      net/sched/sch_mq.o
  CC      io_uring/uring_cmd.o
  CC      net/core/secure_seq.o
  AR      drivers/char/hw_random/built-in.a
  AR      drivers/char/agp/built-in.a
  CC      drivers/char/mem.o
  CC      drivers/char/random.o
  AR      drivers/tty/built-in.a
  CC      net/sched/sch_frag.o
  CC      io_uring/epoll.o
  CC      io_uring/statx.o
  CC      net/core/flow_dissector.o
  CC      drivers/char/misc.o
  CC      lib/memcat_p.o
  CC      lib/nmi_backtrace.o
  AR      drivers/iommu/amd/built-in.a
  AR      drivers/iommu/arm/arm-smmu/built-in.a
  AR      drivers/iommu/intel/built-in.a
  CC      io_uring/net.o
  CC      net/core/sysctl_net_core.o
  AR      drivers/iommu/arm/arm-smmu-v3/built-in.a
  AR      drivers/iommu/arm/built-in.a
  AR      net/sched/built-in.a
  AR      drivers/iommu/iommufd/built-in.a
  AR      drivers/iommu/built-in.a
  CC      net/core/dev.o
  CC      net/netlink/af_netlink.o
  AR      drivers/gpu/host1x/built-in.a
  AR      drivers/char/built-in.a
  AR      drivers/gpu/drm/tests/built-in.a
  AR      drivers/gpu/drm/arm/built-in.a
  AR      net/bpf/built-in.a
  AR      drivers/gpu/drm/display/built-in.a
  AR      drivers/gpu/drm/renesas/rcar-du/built-in.a
  CC      net/core/dev_addr_lists.o
  CC      lib/plist.o
  AR      drivers/gpu/drm/renesas/built-in.a
  AR      drivers/gpu/drm/omapdrm/built-in.a
  AR      drivers/gpu/drm/tilcdc/built-in.a
  AR      drivers/gpu/drm/imx/built-in.a
  AR      drivers/gpu/drm/i2c/built-in.a
  AR      drivers/gpu/drm/panel/built-in.a
  AR      drivers/gpu/drm/bridge/analogix/built-in.a
  AR      drivers/gpu/drm/bridge/cadence/built-in.a
  AR      drivers/gpu/drm/bridge/imx/built-in.a
  AR      drivers/gpu/drm/bridge/synopsys/built-in.a
  AR      drivers/gpu/drm/bridge/built-in.a
  CC      lib/radix-tree.o
  AR      drivers/gpu/drm/hisilicon/built-in.a
  AR      drivers/gpu/drm/mxsfb/built-in.a
  AR      drivers/gpu/drm/tiny/built-in.a
  AR      drivers/gpu/drm/xlnx/built-in.a
  AR      drivers/gpu/drm/gud/built-in.a
  AR      drivers/gpu/drm/solomon/built-in.a
  CC      lib/ratelimit.o
  CC      lib/rbtree.o
  AR      drivers/gpu/drm/built-in.a
  AR      drivers/gpu/vga/built-in.a
  AR      drivers/gpu/built-in.a
  CC      drivers/base/power/sysfs.o
  CC      drivers/base/power/generic_ops.o
  CC      lib/seq_buf.o
  CC      net/core/dst.o
  CC      io_uring/msg_ring.o
  CC      net/core/netevent.o
  CC      net/core/neighbour.o
  CC      drivers/base/power/common.o
  CC      lib/siphash.o
  CC      drivers/base/power/qos.o
  CC      lib/string.o
  CC      io_uring/timeout.o
  CC      lib/timerqueue.o
  CC      net/core/rtnetlink.o
  CC      net/core/utils.o
  CC      net/netlink/genetlink.o
  CC      lib/vsprintf.o
  CC      drivers/base/power/runtime.o
  CC      io_uring/sqpoll.o
  CC      io_uring/fdinfo.o
  CC      drivers/base/power/wakeirq.o
  CC      net/netlink/policy.o
  CC      io_uring/tctx.o
  CC      drivers/base/power/main.o
  CC      drivers/base/power/wakeup.o
  CC      net/ethtool/ioctl.o
  CC      lib/win_minmax.o
  AR      net/netlink/built-in.a
  CC      net/ethtool/common.o
  CC      io_uring/poll.o
  CC      lib/xarray.o
  CC      lib/lockref.o
  CC      net/core/link_watch.o
  CC      net/unix/af_unix.o
  CC      drivers/base/power/wakeup_stats.o
  CC      net/ipv4/route.o
  CC      net/ipv4/inetpeer.o
  CC      lib/bcd.o
  CC      io_uring/cancel.o
  CC      lib/sort.o
  AR      drivers/base/power/built-in.a
  CC      drivers/base/firmware_loader/builtin/main.o
  CC      lib/parser.o
  CC      net/core/filter.o
  AR      drivers/base/firmware_loader/builtin/built-in.a
  CC      drivers/base/firmware_loader/main.o
  CC      lib/debug_locks.o
  CC      net/ethtool/netlink.o
  CC      lib/random32.o
  CC      io_uring/kbuf.o
  CC      io_uring/rsrc.o
  CC      lib/bust_spinlocks.o
  AR      drivers/base/firmware_loader/built-in.a
  AR      drivers/base/test/built-in.a
  CC      drivers/base/component.o
  CC      lib/kasprintf.o
  CC      lib/bitmap.o
  CC      net/ethtool/bitset.o
  CC      net/unix/garbage.o
  CC      net/ethtool/strset.o
  CC      io_uring/rw.o
  CC      drivers/base/core.o
  CC      net/ipv4/protocol.o
  CC      lib/scatterlist.o
  CC      net/unix/sysctl_net_unix.o
  CC      lib/list_sort.o
  CC      net/ethtool/linkinfo.o
  CC      net/ethtool/linkmodes.o
  CC      net/ipv4/ip_input.o
  CC      lib/uuid.o
  CC      io_uring/opdef.o
  AR      net/unix/built-in.a
  CC      lib/iov_iter.o
  CC      net/core/sock_diag.o
  CC      net/ethtool/rss.o
  CC      lib/clz_ctz.o
  CC      io_uring/notif.o
  CC      net/ipv4/ip_fragment.o
  CC      lib/bsearch.o
  CC      drivers/base/bus.o
  CC      net/ethtool/linkstate.o
  CC      drivers/base/dd.o
  CC      io_uring/io-wq.o
  CC      net/core/dev_ioctl.o
  CC      net/ipv4/ip_forward.o
  CC      net/ipv4/ip_options.o
  CC      net/ethtool/debug.o
  CC      lib/find_bit.o
  CC      drivers/base/syscore.o
  CC      lib/llist.o
  CC      lib/memweight.o
  CC      net/ethtool/wol.o
  CC      lib/kfifo.o
  CC      net/core/tso.o
  AR      io_uring/built-in.a
  CC      net/core/sock_reuseport.o
  CC      lib/percpu-refcount.o
  CC      drivers/base/driver.o
  CC      net/ipv6/addrconf_core.o
  CC      net/ipv4/ip_output.o
  CC      net/ethtool/features.o
  CC      drivers/base/class.o
  AS      arch/x86/um/vdso/vdso-note.o
  CC      lib/rhashtable.o
  CC      net/ethtool/privflags.o
  VDSO    arch/x86/um/vdso/vdso.so.dbg
  OBJCOPY arch/x86/um/vdso/vdso.so
  AS      arch/x86/um/vdso/vdso.o
  AR      arch/x86/um/vdso/built-in.a
  AR      arch/x86/um/built-in.a
  CC      net/ethtool/rings.o
  CC      net/ipv6/exthdrs_core.o
  CC      drivers/base/platform.o
  CC      net/core/fib_notifier.o
  CC      net/ipv6/ip6_checksum.o
  CC      net/ipv6/ip6_icmp.o
  CC      net/ethtool/channels.o
  CC      lib/base64.o
  CC      lib/once.o
  CC      net/ipv6/output_core.o
  CC      drivers/base/cpu.o
  CC      net/ipv4/ip_sockglue.o
  CC      net/core/xdp.o
  CC      lib/refcount.o
  CC      lib/rcuref.o
  CC      net/ipv6/protocol.o
  CC      lib/usercopy.o
  CC      drivers/base/firmware.o
  CC      drivers/base/init.o
  CC      net/ethtool/coalesce.o
  CC      lib/errseq.o
  CC      lib/bucket_locks.o
  CC      drivers/base/map.o
  CC      drivers/base/devres.o
  CC      net/ipv6/ip6_offload.o
  CC      lib/generic-radix-tree.o
  CC      net/core/flow_offload.o
  CC      net/ethtool/pause.o
  CC      net/ethtool/eee.o
  CC      lib/string_helpers.o
  CC      net/ipv4/inet_hashtables.o
  CC      drivers/base/attribute_container.o
  CC      net/ethtool/tsinfo.o
  CC      net/core/gro.o
  CC      net/ethtool/cabletest.o
  CC      drivers/base/transport_class.o
  CC      net/ipv6/tcpv6_offload.o
  CC      lib/hexdump.o
  CC      lib/kstrtox.o
  CC      drivers/base/topology.o
  CC      lib/hweight.o
  CC      lib/list_debug.o
  CC      lib/debugobjects.o
  CC      net/ethtool/tunnels.o
  CC      drivers/base/container.o
  CC      net/ipv4/inet_timewait_sock.o
  CC      net/ipv4/inet_connection_sock.o
  CC      net/ipv4/tcp.o
  CC      net/ipv6/exthdrs_offload.o
  CC      net/core/netdev-genl.o
  CC      drivers/base/property.o
  CC      lib/bitrev.o
  AR      net/ipv6/built-in.a
  CC      lib/crc16.o
  CC      net/ethtool/fec.o
  CC      net/ethtool/eeprom.o
  CC      net/ethtool/stats.o
  CC      net/core/netdev-genl-gen.o
  HOSTCC  lib/gen_crc32table
  CC      drivers/base/cacheinfo.o
  CC      lib/audit.o
  CC      net/core/gso.o
  CC      lib/dynamic_debug.o
  CC      lib/errname.o
  CC      lib/nlattr.o
  CC      init/version.o
  CC      drivers/base/swnode.o
  CC      drivers/base/devtmpfs.o
  CC      net/ethtool/phc_vclocks.o
  AR      init/built-in.a
  CC      net/ethtool/mm.o
  CC      net/core/net-sysfs.o
  CC      net/core/page_pool.o
  CC      drivers/base/module.o
  CC      drivers/base/trace.o
  CC      net/packet/af_packet.o
  AR      net/dsa/built-in.a
  CC      net/ethtool/module.o
  CC      net/ipv4/tcp_input.o
  CC      lib/dynamic_queue_limits.o
  CC      lib/glob.o
  AR      drivers/base/built-in.a
  AR      drivers/block/built-in.a
  CC [M]  drivers/block/loop.o
  CC      kernel/sys.o
  CC      lib/net_utils.o
  CC      net/ipv4/tcp_output.o
  CC      net/ethtool/pse-pd.o
  CC      net/core/net-procfs.o
  CC      lib/stackdepot.o
  CC      net/ethtool/plca.o
  CC [M]  drivers/block/nbd.o
  CC      lib/sbitmap.o
  CC      net/core/net-traces.o
  AR      net/ethtool/built-in.a
  CC      lib/group_cpus.o
  AR      net/wireless/built-in.a
  CC      net/devres.o
  AR      net/packet/built-in.a
  CC      net/socket.o
  AR      lib/lib.a
  GEN     lib/crc32table.h
  CC      lib/crc32.o
  UPD     kernel/config_data
  CC      net/sysctl_net.o
  AR      lib/built-in.a
  CC      net/ipv4/tcp_timer.o
  GZIP    kernel/config_data.gz
  CC      kernel/configs.o
  AR      drivers/misc/eeprom/built-in.a
  AR      drivers/misc/cb710/built-in.a
  AR      drivers/misc/ti-st/built-in.a
  AR      drivers/misc/lis3lv02d/built-in.a
  AR      drivers/misc/cardreader/built-in.a
  AR      drivers/misc/built-in.a
  CC      net/ipv4/tcp_ipv4.o
  AR      drivers/mfd/built-in.a
  AR      drivers/nfc/built-in.a
  AR      drivers/dax/hmem/built-in.a
  AR      drivers/dax/built-in.a
  AR      kernel/built-in.a
  AR      drivers/cxl/core/built-in.a
  AR      drivers/cxl/built-in.a
  AR      drivers/macintosh/built-in.a
  AR      drivers/scsi/built-in.a
  AR      drivers/nvme/host/built-in.a
  CC      net/core/ptp_classifier.o
  AR      drivers/nvme/target/built-in.a
  AR      drivers/net/phy/qcom/built-in.a
  AR      drivers/net/phy/built-in.a
  AR      drivers/nvme/built-in.a
  AR      drivers/net/pse-pd/built-in.a
  AR      drivers/net/mdio/built-in.a
  AR      drivers/net/pcs/built-in.a
  AR      drivers/firewire/built-in.a
  CC      net/ipv4/tcp_minisocks.o
  CC      net/ipv4/tcp_cong.o
  AR      drivers/net/ethernet/8390/built-in.a
  AR      drivers/net/wireless/admtek/built-in.a
  AR      drivers/net/ethernet/alacritech/built-in.a
  AR      drivers/net/wireless/ath/built-in.a
  AR      drivers/net/ethernet/amazon/built-in.a
  AR      drivers/net/wireless/atmel/built-in.a
  AR      drivers/net/ethernet/aquantia/built-in.a
  AR      drivers/net/wireless/broadcom/built-in.a
  AR      drivers/net/ethernet/arc/built-in.a
  AR      drivers/net/wireless/cisco/built-in.a
  AR      drivers/net/ethernet/asix/built-in.a
  AR      drivers/net/wireless/intel/built-in.a
  AR      drivers/net/wireless/intersil/built-in.a
  AR      drivers/net/ethernet/cavium/common/built-in.a
  AR      drivers/net/wireless/marvell/built-in.a
  AR      drivers/net/ethernet/cavium/thunder/built-in.a
  AR      drivers/net/wireless/mediatek/built-in.a
  AR      drivers/net/ethernet/cavium/liquidio/built-in.a
  AR      drivers/net/wireless/microchip/built-in.a
  AR      drivers/net/ethernet/cavium/octeon/built-in.a
  AR      drivers/net/wireless/purelifi/built-in.a
  AR      drivers/net/ethernet/cavium/built-in.a
  AR      drivers/net/wireless/quantenna/built-in.a
  AR      drivers/net/ethernet/cortina/built-in.a
  AR      drivers/net/wireless/ralink/built-in.a
  AR      drivers/net/ethernet/engleder/built-in.a
  AR      drivers/net/wireless/realtek/built-in.a
  AR      drivers/net/ethernet/ezchip/built-in.a
  AR      drivers/net/wireless/rsi/built-in.a
  AR      drivers/net/ethernet/fungible/built-in.a
  CC [M]  drivers/net/ppp/ppp_generic.o
  AR      drivers/net/ethernet/google/built-in.a
  AR      drivers/net/wireless/silabs/built-in.a
  AR      drivers/net/ethernet/huawei/built-in.a
  AR      drivers/net/wireless/st/built-in.a
  AR      drivers/net/wireless/ti/built-in.a
  AR      drivers/net/ethernet/intel/built-in.a
  AR      drivers/net/wireless/zydas/built-in.a
  AR      drivers/net/ethernet/i825xx/built-in.a
  AR      drivers/net/wireless/legacy/built-in.a
  AR      drivers/net/ethernet/microsoft/built-in.a
  CC [M]  drivers/net/slip/slip.o
  AR      drivers/net/wireless/virtual/built-in.a
  AR      drivers/net/ethernet/litex/built-in.a
  AR      drivers/net/wireless/built-in.a
  AR      drivers/net/ethernet/marvell/octeon_ep/built-in.a
  AR      net/core/built-in.a
  AR      drivers/net/ethernet/marvell/octeontx2/built-in.a
  AR      drivers/net/ethernet/marvell/prestera/built-in.a
  CC      drivers/net/loopback.o
  CC      drivers/net/tun.o
  AR      drivers/net/ethernet/marvell/built-in.a
  AR      drivers/net/ethernet/microchip/built-in.a
  AR      drivers/net/ethernet/mscc/built-in.a
  AR      drivers/net/ethernet/natsemi/built-in.a
  AR      drivers/net/ethernet/netronome/built-in.a
  AR      drivers/net/ethernet/ni/built-in.a
  AR      drivers/net/ethernet/qualcomm/emac/built-in.a
  AR      drivers/net/ethernet/qualcomm/built-in.a
  AR      drivers/net/ethernet/renesas/built-in.a
  AR      drivers/net/ethernet/rocker/built-in.a
  AR      drivers/net/ethernet/samsung/built-in.a
  CC [M]  drivers/net/slip/slhc.o
  AR      drivers/net/ethernet/sfc/built-in.a
  AR      drivers/net/ethernet/socionext/built-in.a
  AR      drivers/net/ethernet/vertexcom/built-in.a
  AR      drivers/net/ethernet/via/built-in.a
  AR      drivers/net/ethernet/wangxun/built-in.a
  AR      drivers/net/ethernet/xilinx/built-in.a
  AR      drivers/net/ethernet/synopsys/built-in.a
  CC      net/ipv4/tcp_metrics.o
  AR      drivers/net/ethernet/pensando/built-in.a
  AR      drivers/net/ethernet/built-in.a
  AR      drivers/cdrom/built-in.a
  CC [M]  drivers/net/dummy.o
  AR      drivers/auxdisplay/built-in.a
  CC      drivers/input/serio/serio.o
  CC      drivers/input/serio/serport.o
  CC      drivers/input/keyboard/atkbd.o
  CC [M]  drivers/net/veth.o
  AR      drivers/i3c/built-in.a
  AR      drivers/i2c/algos/built-in.a
  AR      drivers/i2c/busses/built-in.a
  CC      drivers/input/serio/libps2.o
  AR      drivers/media/i2c/built-in.a
  AR      drivers/pps/clients/built-in.a
  AR      drivers/i2c/muxes/built-in.a
  AR      drivers/pps/generators/built-in.a
  AR      drivers/media/tuners/built-in.a
  AR      drivers/i2c/built-in.a
  CC      drivers/pps/pps.o
  AR      drivers/media/rc/keymaps/built-in.a
  AR      drivers/media/common/b2c2/built-in.a
  AR      drivers/media/rc/built-in.a
  AR      drivers/media/common/saa7146/built-in.a
  AR      drivers/media/common/siano/built-in.a
  AR      drivers/media/common/v4l2-tpg/built-in.a
  AR      drivers/media/platform/allegro-dvt/built-in.a
  AR      drivers/media/common/videobuf2/built-in.a
  AR      drivers/media/common/built-in.a
  AR      drivers/media/platform/amlogic/meson-ge2d/built-in.a
  AR      drivers/media/platform/amlogic/built-in.a
  AR      drivers/media/platform/amphion/built-in.a
  AR      drivers/media/pci/ttpci/built-in.a
  AR      drivers/media/platform/aspeed/built-in.a
  AR      drivers/media/pci/b2c2/built-in.a
  AR      drivers/media/platform/atmel/built-in.a
  AR      drivers/media/pci/pluto2/built-in.a
  AR      drivers/media/platform/cadence/built-in.a
  AR      drivers/input/keyboard/built-in.a
  AR      drivers/media/pci/dm1105/built-in.a
  CC      net/ipv4/tcp_fastopen.o
  AR      drivers/media/platform/chips-media/built-in.a
  AR      drivers/media/pci/pt1/built-in.a
  AR      drivers/media/platform/intel/built-in.a
  AR      drivers/media/pci/pt3/built-in.a
  CC      drivers/input/mouse/psmouse-base.o
  AR      drivers/media/platform/marvell/built-in.a
  AR      drivers/media/pci/mantis/built-in.a
  AR      drivers/media/platform/mediatek/jpeg/built-in.a
  AR      drivers/media/pci/ngene/built-in.a
  AR      drivers/media/platform/mediatek/mdp/built-in.a
  AR      drivers/media/pci/ddbridge/built-in.a
  AR      drivers/media/pci/saa7146/built-in.a
  AR      drivers/media/platform/mediatek/vcodec/common/built-in.a
  AR      drivers/media/pci/smipcie/built-in.a
  CC      drivers/pps/kapi.o
  AR      drivers/media/platform/mediatek/vcodec/encoder/built-in.a
  AR      drivers/input/serio/built-in.a
  AR      drivers/media/pci/netup_unidvb/built-in.a
  AR      drivers/media/platform/mediatek/vcodec/decoder/built-in.a
  AR      drivers/media/platform/mediatek/vcodec/built-in.a
  AR      drivers/media/platform/microchip/built-in.a
  AR      drivers/media/pci/intel/ipu3/built-in.a
  CC      drivers/input/mouse/synaptics.o
  AR      drivers/media/pci/intel/ivsc/built-in.a
  AR      drivers/media/platform/mediatek/vpu/built-in.a
  AR      drivers/media/pci/intel/built-in.a
  AR      drivers/media/platform/mediatek/mdp3/built-in.a
  AR      drivers/media/pci/built-in.a
  AR      drivers/media/platform/mediatek/built-in.a
  AR      drivers/media/platform/nvidia/tegra-vde/built-in.a
  AR      drivers/media/platform/nxp/dw100/built-in.a
  AR      drivers/media/platform/nvidia/built-in.a
  AR      drivers/media/platform/nxp/imx-jpeg/built-in.a
  AR      drivers/media/platform/nxp/imx8-isi/built-in.a
  AR      drivers/media/platform/qcom/camss/built-in.a
  AR      drivers/media/platform/nxp/built-in.a
  AR      drivers/media/platform/qcom/venus/built-in.a
  CC      drivers/input/mouse/focaltech.o
  AR      drivers/media/platform/qcom/built-in.a
  AR      drivers/media/platform/renesas/rcar-vin/built-in.a
  CC      drivers/pps/sysfs.o
  AR      drivers/media/platform/renesas/rzg2l-cru/built-in.a
  AR      drivers/media/platform/renesas/vsp1/built-in.a
  AR      drivers/media/platform/renesas/built-in.a
  AR      drivers/media/platform/rockchip/rga/built-in.a
  AR      drivers/media/platform/rockchip/rkisp1/built-in.a
  AR      drivers/media/platform/rockchip/built-in.a
  AR      drivers/media/platform/samsung/exynos-gsc/built-in.a
  AR      drivers/media/platform/samsung/exynos4-is/built-in.a
  AR      drivers/net/built-in.a
  AR      drivers/media/platform/samsung/s3c-camif/built-in.a
  AR      drivers/media/platform/samsung/s5p-g2d/built-in.a
  AR      drivers/media/platform/samsung/s5p-jpeg/built-in.a
  AR      drivers/media/usb/b2c2/built-in.a
  AR      drivers/media/platform/samsung/s5p-mfc/built-in.a
  AR      drivers/media/platform/samsung/built-in.a
  AR      drivers/pps/built-in.a
  AR      drivers/media/usb/dvb-usb/built-in.a
  AR      drivers/media/usb/dvb-usb-v2/built-in.a
  CC      drivers/ptp/ptp_clock.o
  AR      drivers/media/platform/st/sti/bdisp/built-in.a
  AR      drivers/media/platform/st/sti/c8sectpfe/built-in.a
  AR      drivers/media/usb/s2255/built-in.a
  AR      drivers/media/usb/siano/built-in.a
  AR      drivers/media/platform/st/sti/delta/built-in.a
  AR      drivers/media/platform/st/sti/hva/built-in.a
  AR      drivers/power/built-in.a
  AR      drivers/media/usb/ttusb-budget/built-in.a
  AR      drivers/media/usb/ttusb-dec/built-in.a
  AR      drivers/media/platform/st/stm32/built-in.a
  AR      drivers/media/firewire/built-in.a
  AR      drivers/media/mmc/siano/built-in.a
  AR      drivers/media/usb/built-in.a
  AR      drivers/media/platform/st/built-in.a
  AR      drivers/media/mmc/built-in.a
  CC      drivers/ptp/ptp_chardev.o
  CC      drivers/ptp/ptp_sysfs.o
  AR      drivers/media/platform/sunxi/sun4i-csi/built-in.a
  AR      drivers/media/platform/sunxi/sun6i-csi/built-in.a
  CC      drivers/ptp/ptp_vclock.o
  CC      drivers/input/input.o
  CC      net/ipv4/tcp_rate.o
  AR      drivers/media/platform/sunxi/sun6i-mipi-csi2/built-in.a
  AR      drivers/media/platform/sunxi/sun8i-a83t-mipi-csi2/built-in.a
  CC      drivers/input/mouse/alps.o
  AR      drivers/media/platform/sunxi/sun8i-di/built-in.a
  AR      drivers/media/platform/sunxi/sun8i-rotate/built-in.a
  AR      drivers/media/platform/sunxi/built-in.a
  AR      drivers/media/platform/ti/am437x/built-in.a
  AR      drivers/media/platform/ti/cal/built-in.a
  AR      drivers/media/platform/ti/vpe/built-in.a
  AR      drivers/media/platform/ti/davinci/built-in.a
  AR      drivers/media/platform/ti/omap/built-in.a
  AR      drivers/media/platform/ti/omap3isp/built-in.a
  AR      drivers/media/platform/ti/built-in.a
  AR      drivers/media/platform/verisilicon/built-in.a
  AR      drivers/media/platform/via/built-in.a
  AR      drivers/media/platform/xilinx/built-in.a
  AR      drivers/media/platform/built-in.a
  CC      drivers/input/mouse/byd.o
  CC      net/ipv4/tcp_recovery.o
  AR      drivers/media/spi/built-in.a
  AR      drivers/media/test-drivers/built-in.a
  AR      drivers/media/built-in.a
  AR      drivers/mmc/built-in.a
  AR      drivers/ptp/built-in.a
  CC      drivers/input/mouse/logips2pp.o
  CC      drivers/input/mouse/trackpoint.o
  CC      net/ipv4/tcp_ulp.o
  AR      drivers/ufs/built-in.a
  CC      drivers/input/mouse/cypress_ps2.o
  AR      drivers/firmware/arm_ffa/built-in.a
  AR      drivers/firmware/arm_scmi/built-in.a
  AR      drivers/firmware/broadcom/built-in.a
  AR      drivers/crypto/stm32/built-in.a
  AR      drivers/firmware/cirrus/built-in.a
  AR      drivers/crypto/xilinx/built-in.a
  AR      drivers/firmware/meson/built-in.a
  AR      drivers/crypto/hisilicon/built-in.a
  AR      drivers/firmware/efi/built-in.a
  AR      drivers/crypto/starfive/built-in.a
  AR      drivers/crypto/intel/keembay/built-in.a
  AR      drivers/firmware/imx/built-in.a
  AR      drivers/crypto/intel/ixp4xx/built-in.a
  AR      drivers/firmware/psci/built-in.a
  CC      net/ipv4/tcp_offload.o
  AR      drivers/crypto/intel/built-in.a
  AR      drivers/firmware/smccc/built-in.a
  AR      drivers/crypto/built-in.a
  AR      drivers/firmware/tegra/built-in.a
  CC      drivers/input/input-compat.o
  AR      drivers/firmware/xilinx/built-in.a
  CC      drivers/input/input-mt.o
  CC      drivers/input/input-poller.o
  AR      drivers/firmware/built-in.a
  CC      net/ipv4/tcp_plb.o
  AR      drivers/clocksource/built-in.a
  AR      drivers/input/mouse/built-in.a
  CC      net/ipv4/datagram.o
  CC      net/ipv4/raw.o
  CC      drivers/hid/hid-core.o
  CC      drivers/hid/hid-input.o
  CC      drivers/hid/hid-quirks.o
  CC      drivers/input/ff-core.o
  AR      drivers/platform/built-in.a
  CC      net/ipv4/udp.o
  AR      drivers/hwtracing/intel_th/built-in.a
  CC      drivers/input/touchscreen.o
  CC      net/ipv4/udplite.o
  AR      drivers/android/built-in.a
  CC      drivers/input/ff-memless.o
  CC      net/ipv4/udp_offload.o
  CC      drivers/input/vivaldi-fmap.o
  CC      net/ipv4/arp.o
  CC      net/ipv4/icmp.o
  CC      net/ipv4/devinet.o
  AR      drivers/input/built-in.a
  CC      drivers/hid/hid-debug.o
  CC      drivers/hid/hid-generic.o
  CC      drivers/hid/hid-a4tech.o
  CC      drivers/hid/hid-belkin.o
  CC      net/ipv4/af_inet.o
  CC      net/ipv4/igmp.o
  CC      net/ipv4/fib_frontend.o
  CC      drivers/hid/hid-cherry.o
  CC      net/ipv4/fib_semantics.o
  CC      drivers/hid/hid-cypress.o
  CC      net/ipv4/fib_trie.o
  CC      net/ipv4/fib_notifier.o
  CC      drivers/hid/hid-ezkey.o
  CC      net/ipv4/inet_fragment.o
  CC      drivers/hid/hid-ite.o
  CC      drivers/hid/hid-kensington.o
  CC      drivers/hid/hid-microsoft.o
  CC      net/ipv4/ping.o
  CC      drivers/hid/hid-monterey.o
  CC      drivers/hid/hid-redragon.o
  CC      net/ipv4/ip_tunnel_core.o
  CC      net/ipv4/gre_offload.o
  CC      net/ipv4/metrics.o
  CC      net/ipv4/netlink.o
  CC      net/ipv4/nexthop.o
  AR      drivers/hid/built-in.a
  AR      drivers/built-in.a
  CC      net/ipv4/udp_tunnel_stub.o
  CC      net/ipv4/sysctl_net_ipv4.o
  CC      net/ipv4/proc.o
  CC      net/ipv4/inet_diag.o
  CC      net/ipv4/tcp_diag.o
  CC      net/ipv4/tcp_cubic.o
  AR      net/ipv4/built-in.a
  AR      net/built-in.a
  AR      built-in.a
  AR      vmlinux.a
  LD      vmlinux.o
  OBJCOPY modules.builtin.modinfo
  GEN     modules.builtin
  MODPOST Module.symvers
  CC      .vmlinux.export.o
  CC [M]  fs/binfmt_misc.mod.o
  CC [M]  fs/isofs/isofs.mod.o
  CC [M]  fs/autofs/autofs4.mod.o
  CC [M]  fs/overlayfs/overlay.mod.o
  CC [M]  block/bfq.mod.o
  CC [M]  drivers/block/loop.mod.o
  CC [M]  drivers/block/nbd.mod.o
  CC [M]  drivers/net/dummy.mod.o
  CC [M]  drivers/net/veth.mod.o
  CC [M]  drivers/net/ppp/ppp_generic.mod.o
  CC [M]  drivers/net/slip/slip.mod.o
  CC [M]  drivers/net/slip/slhc.mod.o
  LD [M]  fs/binfmt_misc.ko
  LD [M]  fs/isofs/isofs.ko
  LD [M]  fs/autofs/autofs4.ko
  LD [M]  fs/overlayfs/overlay.ko
  LD [M]  block/bfq.ko
  LD [M]  drivers/block/loop.ko
  LD [M]  drivers/block/nbd.ko
  LD [M]  drivers/net/dummy.ko
  LD [M]  drivers/net/slip/slip.ko
  LD [M]  drivers/net/ppp/ppp_generic.ko
  LD [M]  drivers/net/veth.ko
  LD [M]  drivers/net/slip/slhc.ko
  UPD     include/generated/utsversion.h
  CC      init/version-timestamp.o
  LD      .tmp_vmlinux.kallsyms1
  NM      .tmp_vmlinux.kallsyms1.syms
  KSYMS   .tmp_vmlinux.kallsyms1.S
  AS      .tmp_vmlinux.kallsyms1.o
  LD      .tmp_vmlinux.kallsyms2
  NM      .tmp_vmlinux.kallsyms2.syms
  KSYMS   .tmp_vmlinux.kallsyms2.S
  AS      .tmp_vmlinux.kallsyms2.o
  LD      vmlinux
  NM      System.map
  LINK linux
