  HOSTCC  scripts/basic/fixdep
  SYSHDR  arch/x86/include/generated/uapi/asm/unistd_32.h
  SYSHDR  arch/x86/include/generated/uapi/asm/unistd_64.h
  SYSHDR  arch/x86/include/generated/uapi/asm/unistd_x32.h
  SYSHDR  arch/x86/include/generated/asm/unistd_64_x32.h
  SYSTBL  arch/x86/include/generated/asm/syscalls_32.h
  SYSHDR  arch/x86/include/generated/asm/unistd_32_ia32.h
  SYSTBL  arch/x86/include/generated/asm/syscalls_64.h
  HOSTCC  scripts/kallsyms
  CC      arch/x86/um/user-offsets.s
  HOSTCC  scripts/mod/mk_elfconfig
  CC      scripts/mod/empty.o
  CC      scripts/mod/devicetable-offsets.s
  MKELF   scripts/mod/elfconfig.h
  HOSTCC  scripts/mod/modpost.o
  HOSTCC  scripts/mod/sumversion.o
  HOSTCC  scripts/mod/symsearch.o
  HOSTCC  scripts/mod/file2alias.o
  HOSTLD  scripts/mod/modpost
  CC      kernel/bounds.s
  CHKSHA1 include/linux/atomic/atomic-arch-fallback.h
  CHKSHA1 include/linux/atomic/atomic-instrumented.h
  CHKSHA1 include/linux/atomic/atomic-long.h
  CC      arch/um/kernel/asm-offsets.s
  CALL    scripts/checksyscalls.sh
  LDS     scripts/module.lds
  GEN     scripts/gdb/linux/constants.py
  AR      arch/x86/crypto/built-in.a
  CC      arch/x86/um/bugs_64.o
  CC      arch/x86/um/delay.o
  CC      arch/x86/um/fault.o
  AR      certs/built-in.a
  CC      arch/x86/um/ptrace_64.o
  AS      arch/x86/um/setjmp_64.o
  CC      arch/x86/um/ldt.o
  CC      init/main.o
  CC      arch/x86/um/ptrace_user.o
  AR      usr/built-in.a
  LDS     arch/um/kernel/vmlinux.lds
  LDS     arch/x86/um/vdso/vdso.lds
  AR      sound/built-in.a
  CC      arch/x86/um/os-Linux/registers.o
  CC      arch/x86/um/signal.o
  CC      ipc/util.o
  CC      arch/um/kernel/skas/clone.o
  CC      security/commoncap.o
  CC      arch/um/os-Linux/drivers/ethertap_kern.o
  UPD     init/utsversion-tmp.h
  CC      arch/um/drivers/stdio_console.o
  AR      drivers/cache/built-in.a
  AR      virt/lib/built-in.a
  CC      mm/filemap.o
  CC      io_uring/io_uring.o
  CC      security/integrity/iint.o
  CC      net/ethernet/eth.o
  CC      block/partitions/core.o
  AR      virt/built-in.a
  CC      net/core/sock.o
  CC      fs/quota/dquot.o
  QUOTE   arch/um/kernel/config.tmp
  CC      fs/iomap/trace.o
  CC      fs/quota/quota.o
  AR      drivers/irqchip/built-in.a
  AS      arch/x86/um/vdso/vdso-note.o
  CC      arch/x86/um/vdso/um_vdso.o
  CC      arch/x86/um/vdso/vma.o
  CC      fs/notify/dnotify/dnotify.o
  CC      fs/notify/fsnotify.o
  CC      fs/notify/inotify/inotify_fsnotify.o
  AR      fs/notify/fanotify/built-in.a
  CC      arch/um/kernel/skas/mmu.o
  CC      fs/notify/inotify/inotify_user.o
  AR      drivers/bus/mhi/built-in.a
  CC      fs/iomap/iter.o
  CC      arch/x86/um/os-Linux/task_size.o
  CC      lib/math/div64.o
  CC      kernel/sched/core.o
  AR      drivers/bus/built-in.a
  CC      kernel/sched/fair.o
  CC      crypto/api.o
  AR      drivers/pwm/built-in.a
  CC      arch/x86/um/os-Linux/mcontext.o
  CC      lib/math/gcd.o
  CC      arch/x86/um/os-Linux/prctl.o
  AR      drivers/pci/controller/dwc/built-in.a
  AR      drivers/video/backlight/built-in.a
  CC      lib/math/lcm.o
  AR      drivers/pci/controller/mobiveil/built-in.a
  AR      drivers/video/fbdev/core/built-in.a
  AR      arch/x86/um/os-Linux/built-in.a
  AR      drivers/pci/controller/built-in.a
  AR      drivers/video/fbdev/omap/built-in.a
  AR      drivers/pci/switch/built-in.a
  CC      lib/math/int_log.o
  CC      lib/math/int_pow.o
  AR      drivers/pci/built-in.a
  AR      drivers/video/fbdev/omap2/omapfb/dss/built-in.a
  CC      ipc/msgutil.o
  AR      drivers/video/fbdev/omap2/omapfb/displays/built-in.a
  CC      lib/math/int_sqrt.o
  AR      drivers/video/fbdev/omap2/omapfb/built-in.a
  AR      drivers/video/fbdev/omap2/built-in.a
  CC      block/partitions/msdos.o
  CC      block/partitions/efi.o
  AR      drivers/video/fbdev/built-in.a
  VDSO    arch/x86/um/vdso/vdso.so.dbg
  CC      security/min_addr.o
  CC      lib/math/reciprocal_div.o
  AR      drivers/video/built-in.a
  OBJCOPY arch/x86/um/vdso/vdso.so
  CC      arch/um/kernel/skas/process.o
  AS      arch/x86/um/vdso/vdso.o
  CC      arch/um/os-Linux/drivers/ethertap_user.o
  AR      drivers/char/ipmi/built-in.a
  AR      drivers/idle/built-in.a
  AR      fs/notify/dnotify/built-in.a
  AR      arch/x86/um/vdso/built-in.a
  CC      security/integrity/integrity_audit.o
  CC      arch/um/os-Linux/drivers/tuntap_kern.o
  AR      lib/math/built-in.a
  AR      drivers/amba/built-in.a
  AR      drivers/clk/actions/built-in.a
  CC      arch/um/drivers/fd.o
  AR      drivers/soc/apple/built-in.a
  AR      drivers/virtio/built-in.a
  CC      lib/crypto/memneq.o
  AR      drivers/clk/analogbits/built-in.a
  AR      drivers/soc/aspeed/built-in.a
  CC      arch/um/drivers/chan_kern.o
  AR      drivers/tty/vt/built-in.a
  AR      drivers/clk/bcm/built-in.a
  AR      drivers/soc/bcm/built-in.a
  CC      lib/crypto/utils.o
  AR      drivers/clk/imgtec/built-in.a
  AR      drivers/clk/imx/built-in.a
  AR      drivers/tty/serial/8250/built-in.a
  AR      drivers/soc/fsl/built-in.a
  CC      lib/crypto/chacha.o
  AR      drivers/tty/serial/built-in.a
  AR      net/802/built-in.a
  AR      drivers/clk/ingenic/built-in.a
  AR      drivers/soc/fujitsu/built-in.a
  AR      drivers/clk/keystone/built-in.a
  AR      drivers/clk/mediatek/built-in.a
  AR      drivers/tty/ipwireless/built-in.a
  AR      drivers/soc/hisilicon/built-in.a
  CC      drivers/tty/tty_io.o
  CC      drivers/tty/n_tty.o
  CC      net/sched/sch_generic.o
  AR      drivers/clk/microchip/built-in.a
  AR      drivers/soc/imx/built-in.a
  CC      arch/um/kernel/skas/syscall.o
  CC      crypto/cipher.o
  AS      arch/x86/um/stub_64.o
  CC      net/netlink/af_netlink.o
  AR      drivers/clk/mstar/built-in.a
  CC      arch/x86/um/stub_segv.o
  AR      drivers/soc/ixp4xx/built-in.a
  CC      net/netlink/genetlink.o
  CC      lib/crypto/blake2s.o
  AR      drivers/clk/mvebu/built-in.a
  AR      drivers/soc/loongson/built-in.a
  AR      drivers/clk/ralink/built-in.a
  CC      net/netlink/policy.o
  CC      arch/x86/um/sys_call_table_64.o
  AR      drivers/clk/renesas/built-in.a
  AR      drivers/soc/mediatek/built-in.a
  CC      fs/iomap/buffered-io.o
  CC      ipc/msg.o
  AR      drivers/soc/microchip/built-in.a
  AR      security/integrity/built-in.a
  AR      drivers/clk/socfpga/built-in.a
  AR      fs/notify/inotify/built-in.a
  AR      drivers/soc/nuvoton/built-in.a
  AR      drivers/clk/sprd/built-in.a
  CC      fs/notify/notification.o
  AR      drivers/soc/pxa/built-in.a
  AR      drivers/clk/starfive/built-in.a
  CC      lib/crypto/blake2s-generic.o
  AR      drivers/clk/sunxi-ng/built-in.a
  AR      drivers/soc/amlogic/built-in.a
  AR      drivers/soc/qcom/built-in.a
  CC      security/security.o
  CC      lib/crypto/sha1.o
  AR      drivers/clk/ti/built-in.a
  CC      security/inode.o
  AR      drivers/soc/renesas/built-in.a
  AR      drivers/soc/rockchip/built-in.a
  CC      security/lsm_audit.o
  AR      drivers/clk/versatile/built-in.a
  CC      security/device_cgroup.o
  AR      drivers/soc/sifive/built-in.a
  AR      drivers/clk/xilinx/built-in.a
  CC      arch/x86/um/sysrq_64.o
  AR      block/partitions/built-in.a
  AR      drivers/soc/sunxi/built-in.a
  AR      drivers/clk/built-in.a
  CC      arch/um/os-Linux/drivers/tuntap_user.o
  CC      block/bdev.o
  CC      block/fops.o
  AR      drivers/soc/ti/built-in.a
  CC      arch/um/kernel/skas/uaccess.o
  AR      drivers/soc/xilinx/built-in.a
  CC      block/bio.o
  AR      drivers/soc/built-in.a
  CC      crypto/compress.o
  CC      arch/um/drivers/chan_user.o
  AR      arch/um/os-Linux/drivers/built-in.a
  CC      block/elevator.o
  CC      lib/crypto/sha256.o
  CC      net/sched/sch_mq.o
  CC      arch/um/os-Linux/skas/mem.o
  AR      net/ethernet/built-in.a
  CC      init/do_mounts.o
  CC      arch/x86/um/tls_64.o
  CC      fs/notify/group.o
  CC      arch/um/drivers/line.o
  CC      arch/um/os-Linux/execvp.o
  CC      arch/um/os-Linux/file.o
  CC      arch/um/os-Linux/skas/process.o
  CC      kernel/sched/build_policy.o
  CC      crypto/algapi.o
  CC      fs/quota/kqid.o
  CC      arch/x86/um/mem_64.o
  CC      arch/um/os-Linux/helper.o
  AR      net/bpf/built-in.a
  AR      arch/um/kernel/skas/built-in.a
  CC      net/ethtool/ioctl.o
  MKCAP   arch/um/kernel/capflags.c
  CC      ipc/sem.o
  AR      arch/um/os-Linux/skas/built-in.a
  CC      net/ipv4/route.o
  CC      net/unix/af_unix.o
  AR      lib/crypto/built-in.a
  CC      arch/um/os-Linux/irq.o
  CC      lib/argv_split.o
  CC      arch/um/os-Linux/main.o
  CC      net/unix/garbage.o
  CC      drivers/tty/tty_ioctl.o
  AR      fs/quota/built-in.a
  CC      net/unix/sysctl_net_unix.o
  CC      arch/um/os-Linux/mem.o
  CC      ipc/shm.o
  CC      arch/x86/um/../lib/csum-partial_64.o
  CC      fs/notify/mark.o
  CC      net/ipv6/addrconf_core.o
  CC      net/ipv6/exthdrs_core.o
  CC      block/blk-core.o
  CC      block/blk-sysfs.o
  CC      arch/um/os-Linux/process.o
  CC      lib/buildid.o
  CC      arch/um/drivers/ssl.o
  CC      mm/mempool.o
  CC      net/ipv6/ip6_checksum.o
  AS      arch/x86/um/../lib/memcpy_64.o
  CC      block/blk-flush.o
  CC      arch/um/os-Linux/registers.o
  CC      net/sched/sch_frag.o
  AS      arch/x86/um/../lib/memmove_64.o
  CC      fs/iomap/direct-io.o
  CC      arch/um/os-Linux/sigio.o
  AS      arch/x86/um/../lib/memset_64.o
  CC      arch/x86/um/../kernel/module.o
  CC      crypto/scatterwalk.o
  CC      mm/oom_kill.o
  CC      arch/um/os-Linux/signal.o
  CC      init/noinitramfs.o
  CC      arch/um/os-Linux/start_up.o
  CC      arch/um/drivers/stderr_console.o
  CC      lib/cmdline.o
  CC      drivers/tty/tty_ldisc.o
  CC      arch/um/drivers/slip_kern.o
  CC      fs/notify/fdinfo.o
  CC      arch/um/drivers/slip_user.o
  CC      arch/um/os-Linux/time.o
  CC      arch/um/os-Linux/tty.o
  CC      net/ipv6/ip6_icmp.o
  CC      lib/ctype.o
  CC      lib/dec_and_lock.o
  CC      block/blk-settings.o
  AR      net/netlink/built-in.a
  CC      arch/um/drivers/slip_common.o
  CC      arch/um/drivers/slirp_kern.o
  CC      net/core/request_sock.o
  CC      arch/um/os-Linux/umid.o
  CC      arch/um/os-Linux/user_syms.o
  CC      arch/um/os-Linux/util.o
  CC      net/packet/af_packet.o
  CC      arch/x86/um/syscalls_64.o
  CC      mm/fadvise.o
  CC      crypto/proc.o
  CC      ipc/syscall.o
  AR      net/dsa/built-in.a
  CC      ipc/ipc_sysctl.o
  CC      lib/decompress.o
  CC      kernel/locking/mutex.o
  CC      net/ipv4/inetpeer.o
  CC      net/ipv4/protocol.o
  CC      ipc/mqueue.o
  CC      init/calibrate.o
  CC      fs/iomap/fiemap.o
  CC      lib/dump_stack.o
  CC      fs/proc/task_mmu.o
  AR      arch/um/os-Linux/built-in.a
  AR      fs/notify/built-in.a
  CC      drivers/tty/tty_buffer.o
  AR      security/built-in.a
  CC      fs/iomap/seek.o
  AR      net/sched/built-in.a
  CC      net/ipv6/output_core.o
  CC      net/ipv4/ip_input.o
  CC      kernel/sched/build_utility.o
  CC      net/ipv6/protocol.o
  AR      net/wireless/built-in.a
  CC      ipc/namespace.o
  CC      io_uring/xattr.o
  CC      init/init_task.o
  CC      arch/um/drivers/slirp_user.o
  CC      net/devres.o
  CC      net/ethtool/common.o
  CC      crypto/ahash.o
  CC      crypto/shash.o
  AR      arch/x86/um/built-in.a
  CC      net/ipv6/ip6_offload.o
  CC      arch/um/drivers/daemon_kern.o
  CC      mm/maccess.o
  CC      arch/um/drivers/daemon_user.o
  CC      lib/earlycpio.o
  AR      net/unix/built-in.a
  CC      block/blk-ioc.o
  CC      block/blk-map.o
  CC      ipc/mq_sysctl.o
  CC      fs/iomap/swapfile.o
  CC      net/ethtool/netlink.o
  CC      net/core/skbuff.o
  CC      net/ethtool/bitset.o
  CC      arch/um/drivers/vector_kern.o
  CC      lib/extable.o
  CC      net/ipv4/ip_fragment.o
  CC      crypto/sha256_generic.o
  CC      net/socket.o
  CC      drivers/tty/tty_port.o
  CC      net/core/datagram.o
  CC      init/version.o
  CC      net/ethtool/strset.o
  CC      arch/um/kernel/exec.o
  CC      io_uring/nop.o
  CC      arch/um/kernel/exitcode.o
  CC      kernel/locking/semaphore.o
  CC      lib/flex_proportions.o
  CC      arch/um/kernel/irq.o
  CC      mm/page-writeback.o
  CC      lib/idr.o
  AR      init/built-in.a
  CC      arch/um/drivers/vector_user.o
  CC      net/ipv6/tcpv6_offload.o
  AR      fs/iomap/built-in.a
  CC      fs/proc/inode.o
  CC      arch/um/drivers/vector_transports.o
  CC      io_uring/fs.o
  CC      kernel/locking/rwsem.o
  CC      io_uring/splice.o
  CC      crypto/crc32c_generic.o
  AR      ipc/built-in.a
  CC      net/ipv4/ip_forward.o
  CC      block/blk-merge.o
  CC      net/ipv4/ip_options.o
  CC      fs/kernfs/mount.o
  CC      kernel/power/qos.o
  CC      kernel/power/main.o
  CC      kernel/power/process.o
  CC      drivers/tty/tty_mutex.o
  CC      kernel/power/suspend.o
  CC      kernel/power/poweroff.o
  AR      crypto/built-in.a
  CC      lib/irq_regs.o
  CC      kernel/locking/percpu-rwsem.o
  CC      drivers/tty/tty_ldsem.o
  CC      fs/sysfs/file.o
  CC      kernel/locking/irqflag-debug.o
  CC      arch/um/kernel/ksyms.o
  CC      arch/um/kernel/mem.o
  CC      drivers/tty/tty_baudrate.o
  CC      net/ethtool/linkinfo.o
  CC      lib/is_single_threaded.o
  CC      net/ipv6/exthdrs_offload.o
  CC      io_uring/sync.o
  CC      fs/proc/root.o
  CC      fs/proc/base.o
  CC      io_uring/advise.o
  CC      arch/um/kernel/physmem.o
  CC      net/core/stream.o
  CC      arch/um/kernel/process.o
  CC      fs/kernfs/inode.o
  CC      net/core/scm.o
  AR      kernel/sched/built-in.a
  CC      lib/klist.o
  CC      kernel/locking/mutex-debug.o
  CC      net/core/gen_stats.o
  CC      arch/um/kernel/ptrace.o
  CC      arch/um/drivers/umcast_kern.o
  CC      arch/um/kernel/reboot.o
  CC      arch/um/kernel/sigio.o
  CC      net/ipv4/ip_output.o
  CC      arch/um/kernel/signal.o
  CC      arch/um/kernel/sysrq.o
  CC      drivers/tty/tty_jobctrl.o
  AR      kernel/power/built-in.a
  CC      fs/sysfs/dir.o
  CC      drivers/tty/n_null.o
  CC      block/blk-timeout.o
  CC      fs/sysfs/symlink.o
  CC      mm/folio-compat.o
  CC      mm/readahead.o
  AR      net/ipv6/built-in.a
  CC      net/ipv4/ip_sockglue.o
  CC      net/ipv4/inet_hashtables.o
  CC      lib/kobject.o
  CC      net/ipv4/inet_timewait_sock.o
  CC      io_uring/filetable.o
  CC      net/ethtool/linkmodes.o
  CC      block/blk-lib.o
  AR      net/packet/built-in.a
  CC      block/blk-mq.o
  CC      fs/kernfs/dir.o
  CC      io_uring/openclose.o
  CC      net/ethtool/rss.o
  CC      kernel/locking/lockdep.o
  CC      kernel/locking/lockdep_proc.o
  CC      net/ethtool/linkstate.o
  CC      arch/um/kernel/time.o
  CC      kernel/printk/printk.o
  CC      kernel/irq/irqdesc.o
  CC      arch/um/kernel/tlb.o
  CC      fs/sysfs/mount.o
  CC      kernel/printk/printk_safe.o
  CC      net/ethtool/debug.o
  CC      arch/um/drivers/umcast_user.o
  CC      arch/um/drivers/net_kern.o
  CC      net/ethtool/wol.o
  CC      net/core/gen_estimator.o
  CC      drivers/tty/pty.o
  CC      kernel/printk/printk_ringbuffer.o
  CC      kernel/printk/sysctl.o
  CC      lib/kobject_uevent.o
  CC      kernel/locking/rtmutex_api.o
  CC      net/sysctl_net.o
  CC      mm/swap.o
  CC      mm/truncate.o
  CC      mm/vmscan.o
  CC      drivers/tty/tty_audit.o
  CC      kernel/irq/handle.o
  CC      fs/sysfs/group.o
  CC      mm/shmem.o
  CC      kernel/locking/spinlock.o
  CC      block/blk-mq-tag.o
  CC      lib/logic_pio.o
  CC      fs/proc/generic.o
  CC      lib/maple_tree.o
  CC      io_uring/uring_cmd.o
  CC      io_uring/epoll.o
  CC      fs/kernfs/file.o
  CC      io_uring/statx.o
  CC      net/core/net_namespace.o
  CC      net/ethtool/features.o
  CC      net/core/secure_seq.o
  CC      arch/um/drivers/net_user.o
  CC      arch/um/drivers/mconsole_kern.o
  CC      kernel/irq/manage.o
  CC      arch/um/drivers/mconsole_user.o
  AR      fs/sysfs/built-in.a
  CC      drivers/tty/sysrq.o
  CC      lib/memcat_p.o
  CC      lib/nmi_backtrace.o
  CC      net/ethtool/privflags.o
  CC      kernel/irq/spurious.o
  CC      net/core/flow_dissector.o
  CC      io_uring/net.o
  CC      net/ipv4/inet_connection_sock.o
  CC      arch/um/kernel/trap.o
  CC      arch/um/kernel/um_arch.o
  CC      net/ipv4/tcp.o
  CC      arch/um/kernel/umid.o
  CC      net/ipv4/tcp_input.o
  CC      kernel/locking/spinlock_debug.o
  CC      mm/util.o
  CC      net/ipv4/tcp_output.o
  CC      fs/proc/array.o
  CC      block/blk-stat.o
  CC      net/ipv4/tcp_timer.o
  CC      net/ipv4/tcp_ipv4.o
  CC      mm/mmzone.o
  CC      fs/kernfs/symlink.o
  AR      kernel/printk/built-in.a
  CC      kernel/irq/resend.o
  CC      kernel/rcu/update.o
  CC      net/ethtool/rings.o
  CC      kernel/irq/chip.o
  CC      kernel/irq/dummychip.o
  AR      kernel/locking/built-in.a
  CC      arch/um/drivers/ubd_kern.o
  CC      arch/um/drivers/ubd_user.o
  CC      drivers/char/hw_random/core.o
  AR      drivers/char/agp/built-in.a
  CC      drivers/char/mem.o
  CC      drivers/char/random.o
  CC      arch/um/drivers/null.o
  AR      drivers/tty/built-in.a
  CC      arch/um/drivers/port_kern.o
  CC      fs/proc/fd.o
  CC      arch/um/drivers/port_user.o
  CC      kernel/irq/devres.o
  CC      block/blk-mq-sysfs.o
  CC      net/core/sysctl_net_core.o
  AR      drivers/iommu/amd/built-in.a
  AR      drivers/gpu/host1x/built-in.a
  AR      drivers/iommu/intel/built-in.a
  AR      fs/kernfs/built-in.a
  AR      drivers/gpu/drm/tests/built-in.a
  AR      drivers/iommu/arm/arm-smmu/built-in.a
  AR      drivers/gpu/drm/arm/built-in.a
  AR      drivers/iommu/arm/arm-smmu-v3/built-in.a
  CC      block/blk-mq-cpumap.o
  AR      drivers/gpu/vga/built-in.a
  AR      drivers/gpu/drm/display/built-in.a
  AR      drivers/iommu/arm/built-in.a
  AR      drivers/gpu/drm/renesas/rcar-du/built-in.a
  CC      block/blk-mq-sched.o
  CC      drivers/base/power/sysfs.o
  AR      drivers/gpu/drm/omapdrm/built-in.a
  AR      drivers/iommu/iommufd/built-in.a
  AR      drivers/gpu/drm/renesas/built-in.a
  CC      fs/configfs/inode.o
  AR      drivers/iommu/built-in.a
  AR      drivers/gpu/drm/tilcdc/built-in.a
  CC      drivers/base/firmware_loader/builtin/main.o
  CC      kernel/rcu/sync.o
  AR      drivers/base/test/built-in.a
  AR      drivers/gpu/drm/imx/built-in.a
  CC      block/ioctl.o
  AR      drivers/gpu/drm/i2c/built-in.a
  CC      kernel/irq/proc.o
  CC      kernel/irq/pm.o
  CC      drivers/base/power/generic_ops.o
  AR      drivers/gpu/drm/panel/built-in.a
  CC      net/ethtool/channels.o
  AR      drivers/gpu/drm/bridge/analogix/built-in.a
  AR      drivers/gpu/drm/hisilicon/built-in.a
  CC      fs/configfs/file.o
  CC      io_uring/msg_ring.o
  AR      drivers/gpu/drm/bridge/cadence/built-in.a
  CC      kernel/rcu/srcutiny.o
  AR      drivers/base/firmware_loader/builtin/built-in.a
  CC      io_uring/timeout.o
  AR      drivers/char/hw_random/built-in.a
  CC      fs/proc/proc_tty.o
  AR      drivers/gpu/drm/bridge/imx/built-in.a
  CC      drivers/base/firmware_loader/main.o
  CC      mm/vmstat.o
  AR      kernel/livepatch/built-in.a
  AR      drivers/gpu/drm/bridge/synopsys/built-in.a
  CC      arch/um/drivers/pty.o
  CC      mm/backing-dev.o
  AR      drivers/gpu/drm/bridge/built-in.a
  CC      drivers/char/misc.o
  CC      mm/mm_init.o
  CC      mm/percpu.o
  AR      drivers/gpu/drm/mxsfb/built-in.a
  CC      drivers/base/power/common.o
  AR      drivers/gpu/drm/tiny/built-in.a
  AR      drivers/gpu/drm/xlnx/built-in.a
  CC      mm/slab_common.o
  CC      mm/compaction.o
  AR      drivers/gpu/drm/gud/built-in.a
  CC      arch/um/drivers/tty.o
  CC      mm/show_mem.o
  CC      mm/shmem_quota.o
  AR      drivers/gpu/drm/solomon/built-in.a
  AR      drivers/gpu/drm/built-in.a
  CC      drivers/base/power/qos.o
  CC      net/core/dev.o
  CC      arch/um/drivers/xterm.o
  CC      fs/configfs/dir.o
  CC      kernel/rcu/tiny.o
  AR      drivers/gpu/built-in.a
  AR      kernel/irq/built-in.a
  CC      arch/um/drivers/xterm_kern.o
  CC      block/genhd.o
  CC      block/ioprio.o
  CC      block/badblocks.o
  CC      io_uring/sqpoll.o
  CC      kernel/dma/remap.o
  CC      fs/proc/cmdline.o
  AR      kernel/entry/built-in.a
  CC      lib/plist.o
  CC      io_uring/fdinfo.o
  AR      drivers/char/built-in.a
  CC      io_uring/tctx.o
  CC      block/blk-rq-qos.o
  CC      mm/interval_tree.o
  CC      net/ethtool/coalesce.o
  CC      net/ethtool/pause.o
  AR      drivers/block/built-in.a
  CC      arch/um/drivers/cow_user.o
  CC      arch/um/drivers/random.o
  CC [M]  drivers/block/loop.o
  CC [M]  drivers/block/nbd.o
  CC      fs/proc/consoles.o
  CC      net/ipv4/tcp_minisocks.o
  AR      drivers/base/firmware_loader/built-in.a
  CC      mm/list_lru.o
  CC      lib/radix-tree.o
  AR      kernel/rcu/built-in.a
  AR      drivers/misc/eeprom/built-in.a
  CC      lib/ratelimit.o
  AR      drivers/misc/cb710/built-in.a
  AR      drivers/misc/ti-st/built-in.a
  CC      block/disk-events.o
  CC      block/blk-ia-ranges.o
  AR      kernel/dma/built-in.a
  CC      kernel/module/main.o
  AR      drivers/misc/lis3lv02d/built-in.a
  CC      kernel/module/strict_rwx.o
  AR      drivers/misc/cardreader/built-in.a
  CC      drivers/base/power/runtime.o
  AR      drivers/misc/built-in.a
  AR      drivers/mfd/built-in.a
  CC      kernel/module/kmod.o
  CC      block/early-lookup.o
  CC      block/blk-cgroup.o
  CC      block/blk-cgroup-rwstat.o
  AR      arch/um/drivers/built-in.a
  CC      drivers/base/power/wakeirq.o
  CC      fs/configfs/symlink.o
  CC      drivers/base/power/main.o
  CC      fs/configfs/mount.o
  CC      net/core/dev_addr_lists.o
  CC      fs/proc/cpuinfo.o
  CC      net/core/dst.o
  CC      io_uring/poll.o
  CC      block/mq-deadline.o
  CC      fs/proc/devices.o
  CC      fs/proc/interrupts.o
  CC      fs/proc/loadavg.o
  CC      net/ethtool/eee.o
  CC      net/ipv4/tcp_cong.o
  CC      net/ethtool/tsinfo.o
  CC      fs/proc/meminfo.o
  CC      mm/workingset.o
  CC      kernel/module/tree_lookup.o
  CC      io_uring/cancel.o
  CC      kernel/module/kallsyms.o
  CC      lib/rbtree.o
  CC      io_uring/kbuf.o
  CC      lib/seq_buf.o
  CC      kernel/module/procfs.o
  CC      fs/configfs/item.o
  CC      fs/proc/stat.o
  CC      fs/proc/uptime.o
  CC      kernel/module/sysfs.o
  CC      block/kyber-iosched.o
  AR      drivers/nfc/built-in.a
  CC      block/blk-mq-debugfs.o
  CC      io_uring/rsrc.o
  CC      net/ethtool/cabletest.o
  CC      net/ethtool/tunnels.o
  CC      net/ethtool/fec.o
  CC      fs/proc/util.o
  CC      net/ipv4/tcp_metrics.o
  AR      fs/configfs/built-in.a
  CC      net/ipv4/tcp_fastopen.o
  CC      block/blk-pm.o
  CC      lib/siphash.o
  CC      lib/string.o
  CC      lib/timerqueue.o
  CC      drivers/base/power/wakeup.o
  CC      mm/debug.o
  CC      fs/proc/version.o
  CC      fs/proc/softirqs.o
  CC      arch/um/kernel/kmsg_dump.o
  CC [M]  block/bfq-iosched.o
  CC      drivers/base/power/wakeup_stats.o
  CC      net/core/netevent.o
  CC      fs/proc/namespaces.o
  CC      fs/proc/self.o
  CC [M]  block/bfq-wf2q.o
  CC      lib/vsprintf.o
  CC      mm/gup.o
  CC      mm/mmap_lock.o
  CC      fs/proc/thread_self.o
  CC      mm/highmem.o
  CC      mm/memory.o
  CC      net/ipv4/tcp_rate.o
  CC      fs/devpts/inode.o
  AR      kernel/module/built-in.a
  CC      fs/reiserfs/bitmap.o
  CC      lib/win_minmax.o
  CC [M]  block/bfq-cgroup.o
  CC      arch/um/kernel/load_file.o
  CC      fs/proc/proc_sysctl.o
  CC      fs/proc/proc_net.o
  CC      kernel/time/time.o
  CC      fs/ext4/balloc.o
  CC      lib/xarray.o
  CC      lib/lockref.o
  CC      lib/bcd.o
  CC      fs/proc/kcore.o
  CC      net/ethtool/eeprom.o
  CC      mm/mincore.o
  CC      lib/sort.o
  CC      fs/jbd2/transaction.o
  CC      fs/ramfs/inode.o
  CC      fs/proc/kmsg.o
  CC      fs/ramfs/file-mmu.o
  CC      net/ethtool/stats.o
  CC      net/ethtool/phc_vclocks.o
  CC      net/ethtool/mm.o
  CC      kernel/futex/core.o
  AR      drivers/base/power/built-in.a
  CC      drivers/base/component.o
  CC      kernel/cgroup/cgroup.o
  CC      io_uring/rw.o
  CC      kernel/cgroup/rstat.o
  AR      fs/devpts/built-in.a
  CC      kernel/cgroup/namespace.o
  CC      fs/exportfs/expfs.o
  CC      kernel/cgroup/cgroup-v1.o
  CC      fs/ext4/bitmap.o
  CC      fs/nls/nls_base.o
  CC      kernel/trace/trace_clock.o
  CC      kernel/trace/ring_buffer.o
  CC      kernel/time/timer.o
  CC      net/ipv4/tcp_recovery.o
  AR      fs/ramfs/built-in.a
  CC      net/ipv4/tcp_ulp.o
  CC      net/ipv4/tcp_offload.o
  CC      kernel/time/hrtimer.o
  CC      kernel/trace/trace.o
  CC      fs/reiserfs/do_balan.o
  CC      kernel/trace/trace_output.o
  CC      kernel/cgroup/freezer.o
  CC      kernel/cgroup/legacy_freezer.o
  CC      drivers/base/core.o
  CC      kernel/futex/syscalls.o
  CC      arch/um/kernel/early_printk.o
  AR      fs/nls/built-in.a
  CC      kernel/bpf/core.o
  CC      drivers/base/bus.o
  CC      arch/um/kernel/stacktrace.o
  CC      mm/mlock.o
  CC      net/ethtool/module.o
  CC      fs/ext4/block_validity.o
  AR      fs/exportfs/built-in.a
  CC      fs/proc/page.o
  CC      kernel/time/timekeeping.o
  AR      fs/unicode/built-in.a
  CC      fs/jbd2/commit.o
  CC      kernel/fork.o
  CC      drivers/base/dd.o
  CC      lib/parser.o
  CC      io_uring/opdef.o
  QUOTE   arch/um/kernel/config.c
  CC      drivers/base/syscore.o
  CC      drivers/base/driver.o
  CC      net/ethtool/pse-pd.o
  CC      kernel/futex/pi.o
  CC      io_uring/notif.o
  CC      net/ipv4/tcp_plb.o
  AR      fs/proc/built-in.a
  CC      kernel/exec_domain.o
  CC      fs/reiserfs/namei.o
  CC      kernel/panic.o
  CC      net/ethtool/plca.o
  CC      fs/ext4/dir.o
  CC      io_uring/io-wq.o
  CC      fs/ext4/ext4_jbd2.o
  CC      lib/debug_locks.o
  CC      net/ipv4/datagram.o
  CC      mm/mmap.o
  CC      kernel/time/ntp.o
  CC      drivers/base/class.o
  AR      block/built-in.a
  CC      lib/random32.o
  CC      drivers/base/platform.o
  LD [M]  block/bfq.o
  CC      net/ipv4/raw.o
  CC      lib/bust_spinlocks.o
  CC      fs/jbd2/recovery.o
  CC      kernel/futex/requeue.o
  CC      lib/kasprintf.o
  CC      kernel/futex/waitwake.o
  CC      drivers/base/cpu.o
  CC      kernel/time/clocksource.o
  CC      net/core/neighbour.o
  CC      lib/bitmap.o
  CC      kernel/time/jiffies.o
  CC      lib/scatterlist.o
  CC      lib/list_sort.o
  CC      lib/uuid.o
  CC      kernel/cpu.o
  CC      kernel/exit.o
  CC      kernel/softirq.o
  AR      net/ethtool/built-in.a
  CC      net/ipv4/udp.o
  CC      kernel/time/timer_list.o
  CC      kernel/time/timeconv.o
  CC      lib/iov_iter.o
  CC      kernel/time/timecounter.o
  CC      fs/ext4/extents.o
  CC      fs/ext4/extents_status.o
  CC      net/core/rtnetlink.o
  CC      drivers/base/firmware.o
  AR      kernel/futex/built-in.a
  CC      drivers/base/init.o
  CC      mm/mmu_gather.o
  CC      mm/mprotect.o
  CC      fs/reiserfs/inode.o
  CC      mm/mremap.o
  CC      mm/msync.o
  CC      mm/page_vma_mapped.o
  CC      fs/reiserfs/file.o
  CC      fs/reiserfs/dir.o
  AR      io_uring/built-in.a
  AR      kernel/bpf/built-in.a
  CC      fs/jbd2/checkpoint.o
  CC      fs/ext4/file.o
  CC      lib/clz_ctz.o
  CC      kernel/resource.o
  CC      lib/bsearch.o
  CC      drivers/base/map.o
  CC      kernel/time/alarmtimer.o
  CC      lib/find_bit.o
  CC      lib/llist.o
  CC      kernel/time/posix-timers.o
  CC      mm/pagewalk.o
  CC      mm/pgtable-generic.o
  CC      kernel/sysctl.o
  CC      kernel/time/posix-cpu-timers.o
  CC      kernel/time/posix-clock.o
  CC      kernel/time/itimer.o
  CC      net/ipv4/udplite.o
  CC      drivers/base/devres.o
  AR      drivers/dax/hmem/built-in.a
  CC      drivers/base/attribute_container.o
  AR      drivers/dax/built-in.a
  CC      net/ipv4/udp_offload.o
  CC      net/core/utils.o
  CC      fs/reiserfs/fix_node.o
  CC      mm/rmap.o
  CC      net/ipv4/arp.o
  CC      lib/memweight.o
  CC      arch/um/kernel/config.o
  AR      kernel/cgroup/built-in.a
  CC      fs/reiserfs/super.o
  CC      net/core/link_watch.o
  CC      fs/jbd2/revoke.o
  CC      arch/um/kernel/capflags.o
  CC      net/core/filter.o
  AR      arch/um/kernel/built-in.a
  CC      drivers/base/transport_class.o
  CC      lib/kfifo.o
  CC      fs/jbd2/journal.o
  AR      arch/um/built-in.a
  CC      kernel/trace/trace_seq.o
  CC      fs/ext4/fsmap.o
  CC      lib/percpu-refcount.o
  CC      lib/rhashtable.o
  CC      kernel/trace/trace_stat.o
  CC      kernel/trace/trace_printk.o
  CC      drivers/base/topology.o
  CC      kernel/time/clockevents.o
  CC      lib/base64.o
  CC      fs/debugfs/inode.o
  CC      lib/once.o
  CC      fs/hostfs/hostfs_user.o
  CC      drivers/base/container.o
  CC      drivers/base/property.o
  CC      fs/hostfs/hostfs_user_exp.o
  CC      kernel/trace/pid_list.o
  CC      fs/reiserfs/prints.o
  CC      kernel/trace/trace_sched_switch.o
  CC      lib/refcount.o
  CC      mm/vmalloc.o
  CC      mm/process_vm_access.o
  CC      fs/tracefs/inode.o
  CC [M]  fs/isofs/namei.o
  CC      net/core/sock_diag.o
  CC      fs/ext4/fsync.o
  CC      lib/rcuref.o
  CC      fs/hostfs/hostfs_kern.o
  CC      drivers/base/cacheinfo.o
  CC      fs/ext4/hash.o
  CC      mm/page_alloc.o
  CC      fs/tracefs/event_inode.o
  CC      lib/usercopy.o
  CC      kernel/time/tick-common.o
  CC      net/core/dev_ioctl.o
  CC      lib/errseq.o
  CC      net/ipv4/icmp.o
  CC      fs/reiserfs/objectid.o
  CC      fs/ext4/ialloc.o
  CC      lib/bucket_locks.o
  CC      fs/ext4/indirect.o
  CC      lib/generic-radix-tree.o
  CC      net/ipv4/devinet.o
  CC      kernel/time/tick-oneshot.o
  CC      lib/string_helpers.o
  CC      fs/debugfs/file.o
  CC      kernel/trace/trace_preemptirq.o
  CC      net/core/tso.o
  CC [M]  fs/isofs/inode.o
  CC      net/core/sock_reuseport.o
  CC      fs/ext4/inline.o
  CC      lib/hexdump.o
  CC      net/core/fib_notifier.o
  CC      kernel/trace/trace_irqsoff.o
  CC      drivers/base/swnode.o
  CC      kernel/trace/trace_sched_wakeup.o
  CC      lib/kstrtox.o
  CC      kernel/trace/trace_hwlat.o
  CC      fs/ext4/inode.o
  CC      fs/ext4/ioctl.o
  CC      lib/hweight.o
  CC      fs/reiserfs/lbalance.o
  CC      kernel/time/tick-sched.o
  AR      fs/hostfs/built-in.a
  AR      fs/tracefs/built-in.a
  CC      kernel/time/timekeeping_debug.o
  CC      drivers/base/devtmpfs.o
  CC      drivers/base/module.o
  CC      drivers/base/trace.o
  CC      lib/list_debug.o
  CC      lib/debugobjects.o
  CC      lib/bitrev.o
  CC      kernel/trace/trace_osnoise.o
  CC      kernel/trace/trace_nop.o
  CC      fs/ext4/mballoc.o
  CC      fs/reiserfs/ibalance.o
  CC      kernel/trace/blktrace.o
  AR      fs/debugfs/built-in.a
  AR      fs/jbd2/built-in.a
  CC      kernel/trace/trace_events.o
  CC      kernel/trace/trace_export.o
  CC      kernel/trace/trace_events_filter.o
  CC      kernel/trace/trace_events_trigger.o
  CC      fs/reiserfs/stree.o
  CC      kernel/trace/error_report-traces.o
  CC      fs/reiserfs/hashes.o
  CC      fs/reiserfs/tail_conversion.o
  CC      fs/reiserfs/journal.o
  CC      fs/reiserfs/resize.o
  CC [M]  fs/autofs/init.o
  CC [M]  fs/isofs/dir.o
  CC      lib/crc16.o
  AR      drivers/base/built-in.a
  AR      kernel/time/built-in.a
  CC [M]  fs/autofs/inode.o
  CC      kernel/capability.o
  CC [M]  fs/isofs/util.o
  CC [M]  fs/autofs/root.o
  AR      drivers/cxl/core/built-in.a
  CC      kernel/trace/power-traces.o
  CC      fs/reiserfs/item_ops.o
  AR      drivers/cxl/built-in.a
  AR      drivers/macintosh/built-in.a
  CC      mm/init-mm.o
  CC      fs/reiserfs/ioctl.o
  AR      drivers/scsi/built-in.a
  CC      fs/ext4/migrate.o
  CC [M]  fs/isofs/rock.o
  CC [M]  fs/isofs/export.o
  CC [M]  fs/isofs/joliet.o
  AR      drivers/nvme/host/built-in.a
  CC [M]  fs/overlayfs/super.o
  HOSTCC  lib/gen_crc32table
  CC [M]  fs/overlayfs/namei.o
  CC      net/core/xdp.o
  AR      drivers/nvme/target/built-in.a
  AR      drivers/nvme/built-in.a
  CC      net/ipv4/af_inet.o
  CC [M]  fs/overlayfs/util.o
  CC      lib/audit.o
  CC [M]  fs/overlayfs/inode.o
  AR      drivers/net/phy/qcom/built-in.a
  AR      drivers/net/pse-pd/built-in.a
  AR      drivers/net/mdio/built-in.a
  AR      drivers/net/phy/built-in.a
  CC      fs/open.o
  CC      net/ipv4/igmp.o
  AR      drivers/net/pcs/built-in.a
  CC      fs/ext4/mmp.o
  CC      net/core/flow_offload.o
  CC      mm/memblock.o
  AR      drivers/net/ethernet/8390/built-in.a
  AR      drivers/net/ethernet/alacritech/built-in.a
  CC [M]  fs/autofs/symlink.o
  AR      drivers/net/ethernet/amazon/built-in.a
  AR      drivers/net/wireless/admtek/built-in.a
  AR      drivers/net/ethernet/aquantia/built-in.a
  CC [M]  drivers/net/ppp/ppp_generic.o
  AR      drivers/net/wireless/ath/built-in.a
  AR      drivers/net/wireless/atmel/built-in.a
  CC [M]  drivers/net/slip/slip.o
  CC      kernel/ptrace.o
  CC      kernel/user.o
  CC [M]  fs/autofs/waitq.o
  AR      drivers/net/ethernet/arc/built-in.a
  AR      drivers/net/wireless/broadcom/built-in.a
  CC      kernel/signal.o
  AR      drivers/net/ethernet/asix/built-in.a
  AR      drivers/net/wireless/cisco/built-in.a
  AR      drivers/net/wireless/intel/built-in.a
  CC      net/ipv4/fib_frontend.o
  CC      lib/dynamic_debug.o
  AR      drivers/net/ethernet/cavium/common/built-in.a
  AR      drivers/net/ethernet/cortina/built-in.a
  AR      drivers/net/wireless/intersil/built-in.a
  AR      drivers/net/ethernet/cavium/thunder/built-in.a
  CC      drivers/net/loopback.o
  LD [M]  fs/isofs/isofs.o
  AR      drivers/net/wireless/marvell/built-in.a
  AR      drivers/net/ethernet/cavium/liquidio/built-in.a
  AR      drivers/net/wireless/mediatek/built-in.a
  AR      drivers/net/ethernet/cavium/octeon/built-in.a
  AR      drivers/net/wireless/microchip/built-in.a
  AR      drivers/net/wireless/purelifi/built-in.a
  CC      fs/read_write.o
  AR      drivers/net/ethernet/cavium/built-in.a
  CC      net/ipv4/fib_semantics.o
  CC      lib/errname.o
  AR      drivers/net/wireless/quantenna/built-in.a
  AR      drivers/net/wireless/ralink/built-in.a
  AR      drivers/net/ethernet/engleder/built-in.a
  AR      drivers/net/ethernet/ezchip/built-in.a
  AR      drivers/net/ethernet/fungible/built-in.a
  AR      drivers/net/wireless/realtek/built-in.a
  CC      mm/madvise.o
  CC      mm/page_io.o
  CC      mm/swap_state.o
  AR      drivers/net/ethernet/google/built-in.a
  AR      drivers/net/wireless/rsi/built-in.a
  CC      mm/swapfile.o
  AR      drivers/net/ethernet/huawei/built-in.a
  AR      drivers/net/wireless/silabs/built-in.a
  AR      drivers/net/ethernet/intel/built-in.a
  CC      mm/swap_slots.o
  AR      drivers/net/wireless/st/built-in.a
  CC      mm/page_poison.o
  AR      drivers/net/ethernet/i825xx/built-in.a
  AR      drivers/net/wireless/ti/built-in.a
  CC [M]  fs/autofs/expire.o
  CC      kernel/trace/rpm-traces.o
  CC      mm/slub.o
  AR      drivers/net/ethernet/microsoft/built-in.a
  AR      drivers/net/wireless/zydas/built-in.a
  AR      drivers/net/ethernet/litex/built-in.a
  CC      fs/ext4/move_extent.o
  AR      drivers/net/wireless/legacy/built-in.a
  CC [M]  fs/overlayfs/file.o
  AR      drivers/net/ethernet/marvell/octeon_ep/built-in.a
  AR      drivers/net/wireless/virtual/built-in.a
  AR      drivers/net/wireless/built-in.a
  AR      drivers/net/ethernet/marvell/octeontx2/built-in.a
  AR      drivers/net/ethernet/marvell/prestera/built-in.a
  CC [M]  fs/overlayfs/dir.o
  AR      drivers/net/ethernet/marvell/built-in.a
  CC [M]  fs/overlayfs/readdir.o
  CC [M]  fs/overlayfs/copy_up.o
  CC [M]  fs/overlayfs/export.o
  AR      drivers/net/ethernet/mscc/built-in.a
  AR      drivers/net/ethernet/microchip/built-in.a
  CC      fs/file_table.o
  AR      drivers/net/ethernet/natsemi/built-in.a
  CC      fs/super.o
  AR      drivers/net/ethernet/netronome/built-in.a
  CC      mm/memfd.o
  CC      drivers/net/tun.o
  AR      drivers/net/ethernet/ni/built-in.a
  CC [M]  drivers/net/slip/slhc.o
  AR      drivers/net/ethernet/qualcomm/emac/built-in.a
  CC [M]  fs/autofs/dev-ioctl.o
  AR      drivers/net/ethernet/qualcomm/built-in.a
  CC      fs/reiserfs/xattr.o
  CC      fs/reiserfs/lock.o
  CC      mm/ldm_core.o
  AR      drivers/net/ethernet/renesas/built-in.a
  AR      kernel/trace/built-in.a
  AR      drivers/net/ethernet/rocker/built-in.a
  CC      net/ipv4/fib_trie.o
  CC      net/ipv4/fib_notifier.o
  CC      kernel/sys.o
  AR      drivers/net/ethernet/samsung/built-in.a
  CC      mm/ldm_compat.o
  AR      drivers/net/ethernet/sfc/built-in.a
  CC [M]  fs/overlayfs/params.o
  AR      drivers/net/ethernet/socionext/built-in.a
  CC      mm/ldm_lazy.o
  CC      fs/char_dev.o
  CC      lib/nlattr.o
  AR      drivers/net/ethernet/vertexcom/built-in.a
  AR      drivers/firewire/built-in.a
  AR      drivers/cdrom/built-in.a
  AR      drivers/net/ethernet/via/built-in.a
  CC      fs/stat.o
  AR      drivers/net/ethernet/wangxun/built-in.a
  AR      drivers/auxdisplay/built-in.a
  CC      fs/exec.o
mm/ldm_core.c: In function ‘ldm_lazy_copy’:
mm/ldm_core.c:257:35: warning: unused variable ‘dst_vma’ [-Wunused-variable]
  struct vm_area_struct *src_vma, *dst_vma;
                                   ^~~~~~~
mm/ldm_core.c:257:25: warning: unused variable ‘src_vma’ [-Wunused-variable]
  struct vm_area_struct *src_vma, *dst_vma;
                         ^~~~~~~
  CC      net/ipv4/inet_fragment.o
  AR      drivers/net/ethernet/xilinx/built-in.a
  AR      drivers/net/ethernet/synopsys/built-in.a
  CC [M]  drivers/net/dummy.o
  CC      net/ipv4/ping.o
  CC [M]  drivers/net/veth.o
  AR      drivers/net/ethernet/pensando/built-in.a
  CC      fs/pipe.o
  LD [M]  fs/autofs/autofs4.o
  AR      drivers/net/ethernet/built-in.a
  CC      net/ipv4/ip_tunnel_core.o
  CC      net/core/gro.o
  CC      net/ipv4/gre_offload.o
  CC      net/ipv4/metrics.o
  AR      fs/reiserfs/built-in.a
  CC      net/core/netdev-genl.o
  CC      net/core/netdev-genl-gen.o
  CC      fs/namei.o
  CC      fs/fcntl.o
  CC      fs/ioctl.o
  CC      net/core/gso.o
  CC      fs/ext4/namei.o
  CC      mm/ldm_iommu.o
  CC      mm/ldm_cache.o
  CC      mm/ldm_hooks.o
  CC      net/ipv4/netlink.o
  LD [M]  fs/overlayfs/overlay.o
  CC      net/ipv4/nexthop.o
  CC      net/ipv4/udp_tunnel_stub.o
  CC      net/ipv4/sysctl_net_ipv4.o
  CC      net/ipv4/proc.o
  CC      net/core/net-sysfs.o
  CC      fs/readdir.o
  CC      lib/dynamic_queue_limits.o
  CC      net/core/page_pool.o
  CC      net/core/net-procfs.o
  CC      fs/select.o
  CC      lib/glob.o
  CC      mm/ldm_deep_hooks.o
  CC      fs/ext4/page-io.o
  CC      net/core/net-traces.o
  CC      fs/dcache.o
  CC      fs/inode.o
  CC      net/core/ptp_classifier.o
  CC      fs/attr.o
  CC      fs/ext4/readpage.o
  CC      net/ipv4/inet_diag.o
  CC      kernel/umh.o
  CC      lib/net_utils.o
  CC      net/ipv4/tcp_diag.o
  CC      fs/ext4/resize.o
  CC      net/ipv4/tcp_cubic.o
  CC      fs/ext4/super.o
  CC      fs/bad_inode.o
  CC      fs/ext4/symlink.o
  CC      lib/stackdepot.o
  CC      lib/sbitmap.o
  CC      lib/group_cpus.o
  AR      mm/built-in.a
  CC      fs/file.o
  CC      fs/filesystems.o
  CC      drivers/input/serio/serio.o
  CC      drivers/input/serio/serport.o
  CC      drivers/input/keyboard/atkbd.o
  CC      kernel/workqueue.o
  CC      drivers/input/mouse/psmouse-base.o
  CC      drivers/input/input.o
  CC      kernel/pid.o
  CC      kernel/task_work.o
  CC      kernel/extable.o
  CC      kernel/params.o
  CC      fs/ext4/sysfs.o
  CC      drivers/input/input-compat.o
  AR      lib/lib.a
  AR      drivers/net/built-in.a
  CC      kernel/kthread.o
  CC      kernel/sys_ni.o
  CC      drivers/input/mouse/synaptics.o
  CC      drivers/input/mouse/focaltech.o
  CC      kernel/nsproxy.o
  GEN     lib/crc32table.h
  CC      fs/ext4/xattr.o
  CC      drivers/input/input-mt.o
  CC      lib/crc32.o
  CC      fs/ext4/xattr_hurd.o
  CC      fs/ext4/xattr_trusted.o
  CC      drivers/input/serio/libps2.o
  CC      fs/ext4/xattr_user.o
  CC      fs/ext4/fast_commit.o
  CC      drivers/input/input-poller.o
  CC      kernel/notifier.o
  CC      drivers/input/mouse/alps.o
  CC      fs/ext4/orphan.o
  CC      fs/ext4/acl.o
  CC      fs/ext4/xattr_security.o
  AR      net/ipv4/built-in.a
  CC      drivers/input/mouse/byd.o
  CC      drivers/input/mouse/logips2pp.o
  AR      lib/built-in.a
  CC      drivers/input/mouse/trackpoint.o
  CC      drivers/input/ff-core.o
  CC      drivers/input/touchscreen.o
  CC      fs/namespace.o
  AR      drivers/input/keyboard/built-in.a
  CC      kernel/ksysfs.o
  CC      kernel/cred.o
  CC      kernel/reboot.o
  AR      drivers/i2c/algos/built-in.a
  CC      kernel/async.o
  AR      drivers/i2c/busses/built-in.a
  CC      fs/seq_file.o
  CC      drivers/input/ff-memless.o
  CC      drivers/input/mouse/cypress_ps2.o
  AR      drivers/i2c/muxes/built-in.a
  AR      drivers/i2c/built-in.a
  CC      kernel/range.o
  CC      kernel/smpboot.o
  CC      kernel/ucount.o
  CC      kernel/regset.o
  AR      drivers/input/serio/built-in.a
  AR      drivers/i3c/built-in.a
  CC      kernel/ksyms_common.o
  CC      fs/xattr.o
  CC      fs/libfs.o
  CC      fs/fs-writeback.o
  CC      fs/pnode.o
  CC      fs/splice.o
  CC      kernel/groups.o
  CC      fs/sync.o
  CC      fs/utimes.o
  CC      fs/d_path.o
  CC      kernel/freezer.o
  CC      drivers/input/vivaldi-fmap.o
  CC      fs/stack.o
  CC      kernel/stacktrace.o
  CC      kernel/up.o
  CC      fs/fs_struct.o
  CC      kernel/uid16.o
  CC      kernel/kallsyms.o
  CC      kernel/acct.o
  CC      kernel/crash_core.o
  CC      kernel/utsname.o
  AR      net/core/built-in.a
  AR      drivers/media/i2c/built-in.a
  CC      fs/statfs.o
  UPD     kernel/config_data
  AR      drivers/media/tuners/built-in.a
  AR      net/built-in.a
  AR      drivers/media/rc/keymaps/built-in.a
  CC      kernel/audit.o
  AR      drivers/media/rc/built-in.a
  AR      drivers/pps/clients/built-in.a
  CC      drivers/ptp/ptp_clock.o
  CC      drivers/ptp/ptp_chardev.o
  AR      drivers/media/common/b2c2/built-in.a
  CC      drivers/pps/pps.o
  CC      drivers/ptp/ptp_sysfs.o
  AR      drivers/pps/generators/built-in.a
  AR      drivers/media/common/saa7146/built-in.a
  AR      drivers/media/common/siano/built-in.a
  CC      fs/fs_pin.o
  AR      drivers/media/common/v4l2-tpg/built-in.a
  CC      fs/nsfs.o
  CC      fs/fs_types.o
  AR      drivers/media/common/videobuf2/built-in.a
  AR      drivers/media/common/built-in.a
  AR      drivers/media/platform/allegro-dvt/built-in.a
  CC      kernel/auditfilter.o
  AR      drivers/input/mouse/built-in.a
  AR      drivers/media/platform/amlogic/meson-ge2d/built-in.a
  AR      drivers/media/firewire/built-in.a
  AR      drivers/media/pci/ttpci/built-in.a
  AR      drivers/media/usb/b2c2/built-in.a
  AR      drivers/media/platform/amlogic/built-in.a
  AR      drivers/media/mmc/siano/built-in.a
  AR      drivers/media/usb/dvb-usb/built-in.a
  AR      drivers/input/built-in.a
  AR      drivers/media/usb/dvb-usb-v2/built-in.a
  CC      drivers/ptp/ptp_vclock.o
  AR      drivers/power/built-in.a
  AR      drivers/media/pci/b2c2/built-in.a
  AR      drivers/media/mmc/built-in.a
  AR      drivers/media/pci/pluto2/built-in.a
  AR      drivers/media/usb/s2255/built-in.a
  AR      drivers/media/platform/amphion/built-in.a
  CC      drivers/pps/kapi.o
  CC      fs/fs_context.o
  CC      kernel/auditsc.o
  CC      kernel/audit_watch.o
  AR      drivers/media/pci/dm1105/built-in.a
  CC      kernel/audit_fsnotify.o
  AR      drivers/media/platform/aspeed/built-in.a
  AR      drivers/media/usb/siano/built-in.a
  AR      drivers/media/platform/atmel/built-in.a
  AR      drivers/media/pci/pt1/built-in.a
  AR      drivers/media/pci/pt3/built-in.a
  AR      drivers/media/usb/ttusb-budget/built-in.a
  AR      drivers/mmc/built-in.a
  AR      drivers/media/platform/cadence/built-in.a
  AR      drivers/ufs/built-in.a
  CC      fs/fs_parser.o
  AR      drivers/media/usb/ttusb-dec/built-in.a
  AR      drivers/media/pci/mantis/built-in.a
  AR      drivers/media/platform/chips-media/built-in.a
  AR      drivers/media/pci/ngene/built-in.a
  AR      drivers/media/usb/built-in.a
  CC      fs/fsopen.o
  AR      drivers/media/pci/ddbridge/built-in.a
  AR      drivers/media/platform/intel/built-in.a
  AR      drivers/media/pci/saa7146/built-in.a
  AR      drivers/media/pci/smipcie/built-in.a
  AR      drivers/media/spi/built-in.a
  AR      drivers/media/platform/marvell/built-in.a
  AR      drivers/firmware/arm_ffa/built-in.a
  AR      drivers/firmware/arm_scmi/built-in.a
  AR      drivers/media/pci/netup_unidvb/built-in.a
  AR      drivers/media/test-drivers/built-in.a
  AR      drivers/media/platform/mediatek/mdp/built-in.a
  AR      drivers/media/platform/mediatek/jpeg/built-in.a
  AR      drivers/crypto/stm32/built-in.a
  AR      drivers/media/pci/intel/ipu3/built-in.a
  AR      drivers/firmware/broadcom/built-in.a
  AR      drivers/firmware/meson/built-in.a
  AR      drivers/firmware/cirrus/built-in.a
  AR      drivers/firmware/efi/built-in.a
  AR      drivers/firmware/psci/built-in.a
  AR      drivers/firmware/imx/built-in.a
  AR      drivers/media/pci/intel/ivsc/built-in.a
  AR      drivers/crypto/xilinx/built-in.a
  AR      drivers/media/platform/mediatek/vcodec/common/built-in.a
  AR      drivers/media/platform/mediatek/vcodec/encoder/built-in.a
  AR      drivers/clocksource/built-in.a
  AR      drivers/crypto/hisilicon/built-in.a
  AR      drivers/media/pci/intel/built-in.a
  AR      drivers/firmware/smccc/built-in.a
  AR      drivers/media/platform/mediatek/vpu/built-in.a
  AR      drivers/media/platform/mediatek/vcodec/decoder/built-in.a
  AR      drivers/crypto/starfive/built-in.a
  AR      drivers/firmware/tegra/built-in.a
  CC      drivers/pps/sysfs.o
  AR      drivers/crypto/intel/keembay/built-in.a
  AR      drivers/media/pci/built-in.a
  CC      kernel/audit_tree.o
  CC      fs/init.o
  CC      kernel/hung_task.o
  CC      fs/kernel_read_file.o
  AR      drivers/media/platform/mediatek/vcodec/built-in.a
  AR      drivers/firmware/xilinx/built-in.a
  AR      drivers/crypto/intel/ixp4xx/built-in.a
  AR      drivers/media/platform/microchip/built-in.a
  AR      drivers/firmware/built-in.a
  CC      fs/mnt_idmapping.o
  AR      drivers/crypto/intel/built-in.a
  AR      drivers/media/platform/nvidia/tegra-vde/built-in.a
  AR      drivers/media/platform/mediatek/mdp3/built-in.a
  AR      drivers/media/platform/nxp/dw100/built-in.a
  AR      drivers/media/platform/nvidia/built-in.a
  AR      drivers/crypto/built-in.a
  AR      drivers/media/platform/mediatek/built-in.a
  AR      drivers/media/platform/qcom/camss/built-in.a
  AR      drivers/media/platform/nxp/imx-jpeg/built-in.a
  CC      kernel/seccomp.o
  AR      drivers/media/platform/nxp/imx8-isi/built-in.a
  AR      drivers/media/platform/renesas/rcar-vin/built-in.a
  CC      kernel/relay.o
  AR      drivers/media/platform/nxp/built-in.a
  AR      drivers/media/platform/renesas/rzg2l-cru/built-in.a
  AR      drivers/media/platform/qcom/venus/built-in.a
  AR      drivers/media/platform/rockchip/rga/built-in.a
  AR      drivers/media/platform/samsung/exynos-gsc/built-in.a
  AR      drivers/media/platform/qcom/built-in.a
  AR      drivers/media/platform/renesas/vsp1/built-in.a
  CC      drivers/hid/hid-core.o
  AR      drivers/media/platform/rockchip/rkisp1/built-in.a
  AR      drivers/platform/built-in.a
  AR      drivers/media/platform/st/sti/bdisp/built-in.a
  CC      drivers/hid/hid-input.o
  AR      drivers/media/platform/renesas/built-in.a
  CC      drivers/hid/hid-quirks.o
  CC      kernel/utsname_sysctl.o
  AR      drivers/media/platform/rockchip/built-in.a
  AR      drivers/media/platform/samsung/exynos4-is/built-in.a
  AR      drivers/media/platform/sunxi/sun4i-csi/built-in.a
  AR      drivers/media/platform/samsung/s3c-camif/built-in.a
  AR      drivers/media/platform/st/sti/c8sectpfe/built-in.a
  CC      fs/remap_range.o
  AR      drivers/media/platform/sunxi/sun6i-csi/built-in.a
  AR      drivers/media/platform/sunxi/sun6i-mipi-csi2/built-in.a
  CC      fs/buffer.o
  AR      drivers/media/platform/ti/am437x/built-in.a
  AR      drivers/media/platform/samsung/s5p-g2d/built-in.a
  CC      fs/mpage.o
  AR      drivers/media/platform/st/sti/delta/built-in.a
  AR      drivers/media/platform/ti/cal/built-in.a
  AR      drivers/media/platform/sunxi/sun8i-a83t-mipi-csi2/built-in.a
  AR      drivers/media/platform/samsung/s5p-jpeg/built-in.a
  AR      drivers/ptp/built-in.a
  AR      drivers/media/platform/sunxi/sun8i-di/built-in.a
  AR      drivers/media/platform/st/sti/hva/built-in.a
  AR      drivers/media/platform/ti/vpe/built-in.a
  AR      drivers/pps/built-in.a
  CC      kernel/tracepoint.o
  AR      drivers/media/platform/st/stm32/built-in.a
  AR      drivers/media/platform/samsung/s5p-mfc/built-in.a
  AR      drivers/media/platform/sunxi/sun8i-rotate/built-in.a
  AR      drivers/media/platform/ti/davinci/built-in.a
  AR      drivers/media/platform/st/built-in.a
  AR      drivers/media/platform/verisilicon/built-in.a
  AR      drivers/media/platform/samsung/built-in.a
  CC      drivers/hid/hid-debug.o
  AR      drivers/media/platform/ti/omap/built-in.a
  AR      drivers/media/platform/sunxi/built-in.a
  CC      kernel/latencytop.o
  CC      drivers/hid/hid-generic.o
  AR      drivers/media/platform/ti/omap3isp/built-in.a
  CC      fs/proc_namespace.o
  AR      drivers/media/platform/via/built-in.a
  AR      drivers/media/platform/xilinx/built-in.a
  CC      kernel/irq_work.o
  AR      drivers/media/platform/ti/built-in.a
  AR      drivers/hwtracing/intel_th/built-in.a
  CC      fs/direct-io.o
  AR      drivers/android/built-in.a
  AR      drivers/media/platform/built-in.a
  CC      fs/eventpoll.o
  CC      drivers/hid/hid-a4tech.o
  CC      drivers/hid/hid-belkin.o
  CC      drivers/hid/hid-cherry.o
  CC      fs/anon_inodes.o
  CC      drivers/hid/hid-cypress.o
  CC      fs/signalfd.o
  AR      drivers/media/built-in.a
  GZIP    kernel/config_data.gz
  CC      drivers/hid/hid-ezkey.o
  CC      drivers/hid/hid-ite.o
  CC      kernel/configs.o
  CC      drivers/hid/hid-kensington.o
  CC      fs/timerfd.o
  CC      fs/eventfd.o
  CC      fs/aio.o
  CC      fs/locks.o
  CC      fs/binfmt_script.o
  CC      drivers/hid/hid-microsoft.o
  CC      drivers/hid/hid-monterey.o
  CC      fs/binfmt_elf.o
  CC      drivers/hid/hid-redragon.o
  CC      fs/mbcache.o
  CC      fs/coredump.o
  CC      fs/posix_acl.o
  CC      fs/drop_caches.o
  CC      fs/sysctls.o
  CC      fs/fhandle.o
  CC [M]  fs/binfmt_misc.o
  AR      kernel/built-in.a
  AR      drivers/hid/built-in.a
  AR      drivers/built-in.a
  AR      fs/ext4/built-in.a
  AR      fs/built-in.a
  AR      built-in.a
  AR      vmlinux.a
  LD      vmlinux.o
  OBJCOPY modules.builtin.modinfo
  GEN     modules.builtin
  MODPOST Module.symvers
  CC      .vmlinux.export.o
  CC [M]  fs/binfmt_misc.mod.o
  CC [M]  fs/isofs/isofs.mod.o
  CC [M]  fs/autofs/autofs4.mod.o
  CC [M]  fs/overlayfs/overlay.mod.o
  CC [M]  block/bfq.mod.o
  CC [M]  drivers/block/loop.mod.o
  CC [M]  drivers/block/nbd.mod.o
  CC [M]  drivers/net/dummy.mod.o
  CC [M]  drivers/net/veth.mod.o
  CC [M]  drivers/net/ppp/ppp_generic.mod.o
  CC [M]  drivers/net/slip/slip.mod.o
  CC [M]  drivers/net/slip/slhc.mod.o
  LD [M]  fs/overlayfs/overlay.ko
  LD [M]  fs/autofs/autofs4.ko
  LD [M]  drivers/block/nbd.ko
  LD [M]  drivers/net/veth.ko
  LD [M]  fs/isofs/isofs.ko
  LD [M]  drivers/block/loop.ko
  LD [M]  drivers/net/slip/slhc.ko
  LD [M]  fs/binfmt_misc.ko
  LD [M]  drivers/net/dummy.ko
  LD [M]  drivers/net/ppp/ppp_generic.ko
  LD [M]  drivers/net/slip/slip.ko
  LD [M]  block/bfq.ko
  UPD     include/generated/utsversion.h
  CC      init/version-timestamp.o
  LD      .tmp_vmlinux.kallsyms1
  NM      .tmp_vmlinux.kallsyms1.syms
  KSYMS   .tmp_vmlinux.kallsyms1.S
  AS      .tmp_vmlinux.kallsyms1.o
  LD      .tmp_vmlinux.kallsyms2
  NM      .tmp_vmlinux.kallsyms2.syms
  KSYMS   .tmp_vmlinux.kallsyms2.S
  AS      .tmp_vmlinux.kallsyms2.o
  LD      vmlinux
  NM      System.map
  LINK linux
/public/home/scnz8d37kj/.sag/.vibe-coding/2100506394332942338/deploy/ldm-os/scripts/build_rootfs.sh: line 21: /public/home/scnz8d37kj/.sag/.vibe-coding/2100506394332942338/deploy/ldm-os/toolchain/env.sh: No such file or directory
