/bin/bash: cmp: command not found
  UPD     include/config/kernel.release
/bin/bash: cmp: command not found
  UPD     include/generated/uapi/linux/version.h
/bin/bash: cmp: command not found
  UPD     include/generated/compile.h
/bin/bash: cmp: command not found
  UPD     include/generated/utsrelease.h
/bin/sh: cmp: command not found
  UPD     include/generated/user_constants.h
/bin/sh: cmp: command not found
  UPD     scripts/mod/devicetable-offsets.h
  HOSTCC  scripts/mod/file2alias.o
  HOSTLD  scripts/mod/modpost
  UPD     include/generated/timeconst.h
  UPD     include/generated/bounds.h
  CC      arch/um/kernel/asm-offsets.s
  UPD     include/generated/asm-offsets.h
  CALL    scripts/checksyscalls.sh
  LDS     scripts/module.lds
  GEN     scripts/gdb/linux/constants.py
  AR      usr/built-in.a
  AR      arch/x86/crypto/built-in.a
  CC      init/main.o
  AR      certs/built-in.a
  CC      init/do_mounts.o
  UPD     init/utsversion-tmp.h
  CC      arch/x86/um/os-Linux/registers.o
  CC      arch/x86/um/os-Linux/task_size.o
  CC      arch/um/kernel/skas/clone.o
  CC      arch/um/drivers/stdio_console.o
  CC      arch/um/kernel/skas/mmu.o
  CC      arch/x86/um/os-Linux/mcontext.o
  CC      kernel/locking/mutex.o
  CC      kernel/sched/core.o
  CC      arch/x86/um/os-Linux/prctl.o
  AR      arch/x86/um/os-Linux/built-in.a
  CC      kernel/sched/fair.o
  LDS     arch/x86/um/vdso/vdso.lds
  AS      arch/x86/um/vdso/vdso-note.o
  CC      arch/x86/um/vdso/um_vdso.o
  CC      arch/x86/um/vdso/vma.o
  CC      arch/um/kernel/skas/process.o
  CC      arch/um/drivers/fd.o
  CC      arch/um/drivers/chan_kern.o
  CC      arch/um/kernel/skas/syscall.o
  VDSO    arch/x86/um/vdso/vdso.so.dbg
  OBJCOPY arch/x86/um/vdso/vdso.so
  AS      arch/x86/um/vdso/vdso.o
  AR      arch/x86/um/vdso/built-in.a
  CC      arch/x86/um/bugs_64.o
  CC      arch/x86/um/delay.o
  CC      kernel/locking/semaphore.o
  CC      arch/x86/um/fault.o
  CC      arch/um/kernel/skas/uaccess.o
  CC      arch/um/drivers/chan_user.o
  CC      arch/x86/um/ldt.o
  CC      kernel/power/qos.o
  CC      init/noinitramfs.o
  CC      arch/um/drivers/line.o
  CC      arch/um/drivers/ssl.o
  CC      kernel/locking/rwsem.o
  AR      arch/um/kernel/skas/built-in.a
  LDS     arch/um/kernel/vmlinux.lds
  CC      init/calibrate.o
  QUOTE   arch/um/kernel/config.tmp
  CC      arch/um/kernel/exec.o
  CC      kernel/power/main.o
  CC      arch/x86/um/ptrace_64.o
  CC      arch/x86/um/ptrace_user.o
  CC      arch/um/drivers/stderr_console.o
  CC      init/init_task.o
  AS      arch/x86/um/setjmp_64.o
  CC      arch/um/drivers/slip_kern.o
  CC      arch/x86/um/signal.o
  CC      arch/um/kernel/exitcode.o
  CC      arch/um/drivers/slip_user.o
  CC      kernel/locking/percpu-rwsem.o
  CC      kernel/locking/irqflag-debug.o
  CC      kernel/sched/build_policy.o
  CC      kernel/power/process.o
  CC      init/version.o
  CC      arch/um/kernel/irq.o
  AS      arch/x86/um/stub_64.o
  CC      arch/x86/um/stub_segv.o
  CC      arch/um/drivers/slip_common.o
  CC      arch/x86/um/sys_call_table_64.o
  CC      arch/um/drivers/slirp_kern.o
  AR      init/built-in.a
  CC      kernel/locking/mutex-debug.o
  CC      arch/um/drivers/slirp_user.o
  CC      arch/um/drivers/daemon_kern.o
  CC      kernel/sched/build_utility.o
  CC      arch/x86/um/sysrq_64.o
  CC      arch/um/kernel/ksyms.o
  CC      kernel/power/suspend.o
  CC      arch/x86/um/tls_64.o
  CC      kernel/locking/lockdep.o
  CC      kernel/locking/lockdep_proc.o
  CC      arch/um/kernel/mem.o
  CC      arch/x86/um/mem_64.o
  CC      arch/um/drivers/daemon_user.o
  CC      arch/um/drivers/vector_kern.o
  CC      arch/x86/um/../lib/csum-partial_64.o
  CC      arch/um/drivers/vector_user.o
  CC      kernel/power/poweroff.o
  CC      arch/um/kernel/physmem.o
  CC      arch/um/drivers/vector_transports.o
  AS      arch/x86/um/../lib/memcpy_64.o
  AR      kernel/power/built-in.a
  AS      arch/x86/um/../lib/memmove_64.o
  AS      arch/x86/um/../lib/memset_64.o
  CC      arch/um/drivers/vde_kern.o
  CC      arch/x86/um/../kernel/module.o
  CC      kernel/locking/spinlock.o
  CC      arch/um/kernel/process.o
  CC      arch/um/drivers/vde_user.o
arch/um/drivers/vde_user.c:8:10: fatal error: libvdeplug.h: No such file or directory
 #include <libvdeplug.h>
          ^~~~~~~~~~~~~~
compilation terminated.
  CC      arch/x86/um/syscalls_64.o
make[4]: *** [scripts/Makefile.build:243: arch/um/drivers/vde_user.o] Error 1
make[4]: *** Waiting for unfinished jobs....
  CC      arch/um/kernel/ptrace.o
  AR      kernel/sched/built-in.a
  CC      kernel/locking/rtmutex_api.o
  CC      kernel/locking/spinlock_debug.o
  CC      kernel/printk/printk.o
make[3]: *** [scripts/Makefile.build:480: arch/um/drivers] Error 2
make[3]: *** Waiting for unfinished jobs....
  CC      kernel/irq/irqdesc.o
  CC      kernel/irq/handle.o
  CC      arch/um/kernel/reboot.o
  CC      kernel/rcu/update.o
  AR      arch/x86/um/built-in.a
  AR      kernel/livepatch/built-in.a
  CC      mm/filemap.o
  CC      mm/mempool.o
  CC      kernel/irq/manage.o
  CC      arch/um/kernel/sigio.o
  CC      kernel/irq/spurious.o
  AR      kernel/locking/built-in.a
  CC      arch/um/kernel/signal.o
  CC      kernel/rcu/sync.o
  CC      kernel/rcu/srcutiny.o
  CC      kernel/rcu/tiny.o
  CC      arch/um/kernel/sysrq.o
  CC      arch/um/kernel/time.o
  CC      mm/oom_kill.o
  CC      mm/fadvise.o
  CC      kernel/irq/resend.o
  CC      kernel/printk/printk_safe.o
  CC      kernel/printk/printk_ringbuffer.o
  AR      kernel/rcu/built-in.a
  CC      kernel/printk/sysctl.o
  CC      arch/um/kernel/tlb.o
  CC      kernel/irq/chip.o
  CC      arch/um/kernel/trap.o
  CC      arch/um/kernel/um_arch.o
  CC      arch/um/kernel/umid.o
  CC      mm/maccess.o
  AR      kernel/printk/built-in.a
  CC      arch/um/kernel/kmsg_dump.o
  CC      fs/notify/dnotify/dnotify.o
  CC      ipc/util.o
  CC      kernel/irq/dummychip.o
  CC      security/integrity/iint.o
  CC      security/integrity/integrity_audit.o
  MKCAP   arch/um/kernel/capflags.c
  CC      crypto/api.o
  CC      mm/page-writeback.o
  CC      kernel/irq/devres.o
  AR      fs/notify/dnotify/built-in.a
  CC      fs/notify/inotify/inotify_fsnotify.o
  AR      fs/notify/fanotify/built-in.a
  CC      fs/notify/inotify/inotify_user.o
  AR      security/integrity/built-in.a
  CC      security/commoncap.o
  CC      kernel/irq/proc.o
  CC      crypto/cipher.o
  CC      ipc/msgutil.o
  CC      crypto/compress.o
  CC      kernel/irq/pm.o
  CC      ipc/msg.o
  CC      crypto/algapi.o
  AR      fs/notify/inotify/built-in.a
  CC      fs/iomap/trace.o
  CC      fs/notify/fsnotify.o
  CC      security/min_addr.o
  CC      mm/folio-compat.o
  AR      kernel/irq/built-in.a
  CC      kernel/dma/remap.o
  CC      security/security.o
  CC      fs/notify/notification.o
  CC      fs/iomap/iter.o
  CC      mm/readahead.o
  CC      ipc/sem.o
  CC      crypto/scatterwalk.o
  AR      kernel/dma/built-in.a
  AR      kernel/entry/built-in.a
  CC      kernel/module/main.o
  CC      fs/notify/group.o
  CC      fs/iomap/buffered-io.o
  CC      crypto/proc.o
  CC      mm/swap.o
  CC      fs/notify/mark.o
  CC      crypto/ahash.o
  CC      ipc/shm.o
  CC      fs/notify/fdinfo.o
  CC      kernel/module/strict_rwx.o
  CC      crypto/shash.o
  CC      fs/iomap/direct-io.o
  CC      security/inode.o
  CC      mm/truncate.o
  AR      fs/notify/built-in.a
  CC      mm/vmscan.o
  CC      kernel/module/kmod.o
  CC      ipc/syscall.o
  CC      security/lsm_audit.o
  CC      crypto/sha256_generic.o
  CC      fs/iomap/fiemap.o
  CC      ipc/ipc_sysctl.o
  CC      kernel/module/tree_lookup.o
  CC      crypto/crc32c_generic.o
  CC      kernel/module/kallsyms.o
  CC      ipc/mqueue.o
  AR      crypto/built-in.a
  CC      ipc/namespace.o
  CC      fs/iomap/seek.o
  CC      fs/iomap/swapfile.o
  CC      security/device_cgroup.o
  CC      ipc/mq_sysctl.o
  CC      mm/shmem.o
  CC      kernel/module/procfs.o
  AR      fs/iomap/built-in.a
  CC      fs/quota/dquot.o
  CC      arch/um/kernel/load_file.o
  CC      arch/um/kernel/early_printk.o
  CC      kernel/module/sysfs.o
  CC      arch/um/kernel/stacktrace.o
  CC      fs/proc/task_mmu.o
  AR      ipc/built-in.a
  AR      security/built-in.a
  CC      mm/util.o
  QUOTE   arch/um/kernel/config.c
  CC      mm/mmzone.o
  CC      block/partitions/core.o
  AR      kernel/module/built-in.a
  CC      arch/um/kernel/capflags.o
  CC      kernel/time/time.o
  CC      arch/um/kernel/config.o
  CC      kernel/futex/core.o
  AR      arch/um/kernel/built-in.a
make[2]: *** [scripts/Makefile.build:480: arch/um] Error 2
make[2]: *** Waiting for unfinished jobs....
  CC      fs/kernfs/mount.o
  CC      fs/sysfs/file.o
  CC      block/partitions/msdos.o
  CC      fs/proc/inode.o
  CC      fs/quota/quota.o
  CC      kernel/time/timer.o
  CC      kernel/futex/syscalls.o
  CC      fs/kernfs/inode.o
  CC      mm/vmstat.o
  CC      fs/sysfs/dir.o
  CC      block/partitions/efi.o
  CC      fs/proc/root.o
  CC      fs/kernfs/dir.o
  CC      kernel/futex/pi.o
  CC      fs/sysfs/symlink.o
  CC      mm/backing-dev.o
  CC      fs/quota/kqid.o
  CC      fs/proc/base.o
  AR      block/partitions/built-in.a
  CC      block/bdev.o
  AR      fs/quota/built-in.a
  CC      fs/proc/generic.o
  CC      kernel/time/hrtimer.o
  CC      kernel/futex/requeue.o
  CC      fs/sysfs/mount.o
  CC      fs/kernfs/file.o
  CC      mm/mm_init.o
  CC      kernel/futex/waitwake.o
  CC      fs/sysfs/group.o
  CC      mm/percpu.o
  CC      block/fops.o
  AR      kernel/futex/built-in.a
  CC      block/bio.o
  CC      kernel/time/timekeeping.o
  CC      fs/kernfs/symlink.o
  AR      fs/sysfs/built-in.a
  CC      block/elevator.o
  CC      fs/proc/array.o
  CC      fs/proc/fd.o
  AR      fs/kernfs/built-in.a
  CC      fs/proc/proc_tty.o
  CC      fs/proc/cmdline.o
  CC      fs/configfs/inode.o
  CC      fs/devpts/inode.o
  CC      block/blk-core.o
  CC      fs/reiserfs/bitmap.o
  CC      kernel/time/ntp.o
  CC      mm/slab_common.o
  CC      fs/proc/consoles.o
  CC      fs/proc/cpuinfo.o
  CC      block/blk-sysfs.o
  CC      fs/configfs/file.o
  CC      fs/proc/devices.o
  AR      fs/devpts/built-in.a
  CC      fs/proc/interrupts.o
  CC      kernel/time/clocksource.o
  CC      fs/configfs/dir.o
  CC      fs/proc/loadavg.o
  CC      fs/ext4/balloc.o
  CC      fs/reiserfs/do_balan.o
  CC      kernel/time/jiffies.o
  CC      fs/reiserfs/namei.o
  CC      mm/compaction.o
  CC      fs/proc/meminfo.o
  CC      block/blk-flush.o
  CC      kernel/time/timer_list.o
  CC      mm/show_mem.o
  CC      mm/shmem_quota.o
  CC      fs/configfs/symlink.o
  CC      fs/proc/stat.o
  CC      kernel/time/timeconv.o
  CC      fs/ext4/bitmap.o
  CC      fs/reiserfs/inode.o
  CC      block/blk-settings.o
  CC      kernel/time/timecounter.o
  CC      fs/configfs/mount.o
  CC      fs/configfs/item.o
  CC      fs/proc/uptime.o
  CC      kernel/time/alarmtimer.o
  CC      mm/interval_tree.o
  CC      fs/ext4/block_validity.o
  CC      fs/ext4/dir.o
  CC      block/blk-ioc.o
  CC      fs/proc/util.o
  AR      fs/configfs/built-in.a
  CC      fs/proc/version.o
  CC      mm/list_lru.o
  CC      kernel/time/posix-timers.o
  CC      kernel/time/posix-cpu-timers.o
  CC      fs/proc/softirqs.o
  CC      fs/proc/namespaces.o
  CC      block/blk-map.o
  CC      fs/ext4/ext4_jbd2.o
  CC      fs/reiserfs/file.o
  CC      fs/reiserfs/dir.o
  CC      mm/workingset.o
  CC      fs/proc/self.o
  CC      fs/proc/thread_self.o
  CC      kernel/time/posix-clock.o
  CC      block/blk-merge.o
  CC      block/blk-timeout.o
  CC      fs/reiserfs/fix_node.o
  CC      mm/debug.o
  CC      mm/gup.o
  CC      fs/ext4/extents.o
  CC      fs/proc/proc_sysctl.o
  CC      kernel/time/itimer.o
  CC      fs/proc/proc_net.o
  CC      block/blk-lib.o
  CC      mm/mmap_lock.o
  CC      kernel/time/clockevents.o
  CC      fs/reiserfs/super.o
  CC      fs/proc/kcore.o
  CC      block/blk-mq.o
  CC      fs/reiserfs/prints.o
  CC      fs/ext4/extents_status.o
  CC      kernel/time/tick-common.o
  CC      mm/highmem.o
  CC      fs/proc/kmsg.o
  CC      mm/memory.o
  CC      kernel/time/tick-oneshot.o
  CC      fs/proc/page.o
  CC      fs/reiserfs/objectid.o
  CC      kernel/cgroup/cgroup.o
  CC      kernel/time/tick-sched.o
  CC      kernel/cgroup/rstat.o
  CC      fs/reiserfs/lbalance.o
  CC      fs/ext4/file.o
  AR      fs/proc/built-in.a
  CC      fs/ext4/fsmap.o
  CC      fs/ext4/fsync.o
  CC      kernel/time/timekeeping_debug.o
  CC      fs/reiserfs/ibalance.o
  CC      fs/reiserfs/stree.o
  CC      fs/reiserfs/hashes.o
  CC      block/blk-mq-tag.o
  AR      kernel/time/built-in.a
  CC      fs/ext4/hash.o
  CC      fs/reiserfs/tail_conversion.o
  CC      mm/mincore.o
  CC      block/blk-stat.o
  CC      kernel/trace/trace_clock.o
  CC      fs/ext4/ialloc.o
  CC      fs/ext4/indirect.o
  CC      fs/reiserfs/journal.o
  CC      fs/reiserfs/resize.o
  CC      kernel/trace/ring_buffer.o
  CC      mm/mlock.o
  CC      block/blk-mq-sysfs.o
  CC      block/blk-mq-cpumap.o
  CC      fs/reiserfs/item_ops.o
  CC      kernel/cgroup/namespace.o
  CC      block/blk-mq-sched.o
  CC      block/ioctl.o
  CC      fs/ext4/inline.o
  CC      mm/mmap.o
  CC      kernel/cgroup/cgroup-v1.o
  CC      kernel/cgroup/freezer.o
  CC      fs/reiserfs/ioctl.o
  CC      block/genhd.o
  CC      kernel/trace/trace.o
  CC      kernel/trace/trace_output.o
  CC      fs/reiserfs/xattr.o
  CC      kernel/cgroup/legacy_freezer.o
  CC      fs/reiserfs/lock.o
  CC      fs/ext4/inode.o
  CC      block/ioprio.o
  CC      fs/ext4/ioctl.o
  AR      fs/reiserfs/built-in.a
  AR      kernel/cgroup/built-in.a
  CC      fs/ext4/mballoc.o
  CC      fs/ext4/migrate.o
  CC      mm/mmu_gather.o
  CC      fs/ext4/mmp.o
  CC      block/badblocks.o
  CC      mm/mprotect.o
  CC      mm/mremap.o
  CC      mm/msync.o
  CC      block/blk-rq-qos.o
  CC      block/disk-events.o
  CC      fs/ext4/move_extent.o
  CC      fs/ext4/namei.o
  CC      block/blk-ia-ranges.o
  CC      mm/page_vma_mapped.o
  CC      fs/ext4/page-io.o
  CC      block/early-lookup.o
  CC      mm/pagewalk.o
  CC      kernel/trace/trace_seq.o
  CC      kernel/trace/trace_stat.o
  CC      mm/pgtable-generic.o
  CC      mm/rmap.o
  CC      block/blk-cgroup.o
  CC      block/blk-cgroup-rwstat.o
  CC      kernel/trace/trace_printk.o
  CC      mm/vmalloc.o
  CC      kernel/trace/pid_list.o
  CC      kernel/trace/trace_sched_switch.o
  CC      kernel/trace/trace_preemptirq.o
  CC      fs/ext4/readpage.o
  CC      mm/process_vm_access.o
  CC      kernel/bpf/core.o
  CC      mm/page_alloc.o
  CC      kernel/trace/trace_irqsoff.o
  CC      kernel/trace/trace_sched_wakeup.o
  CC      block/mq-deadline.o
  CC      fs/ext4/resize.o
  CC      fs/ext4/super.o
  CC      mm/init-mm.o
  CC      kernel/trace/trace_hwlat.o
  CC      kernel/trace/trace_osnoise.o
  CC      kernel/trace/trace_nop.o
  CC      block/kyber-iosched.o
  CC      mm/memblock.o
  CC      mm/madvise.o
  CC      mm/page_io.o
  AR      kernel/bpf/built-in.a
  CC      mm/swap_state.o
  CC      kernel/fork.o
  CC      block/blk-mq-debugfs.o
  CC      kernel/trace/blktrace.o
  CC      block/blk-pm.o
  CC      mm/swapfile.o
  CC [M]  block/bfq-iosched.o
  CC [M]  block/bfq-wf2q.o
  CC      mm/swap_slots.o
  CC      mm/page_poison.o
  CC [M]  block/bfq-cgroup.o
  CC      kernel/trace/trace_events.o
  CC      mm/slub.o
  CC      mm/debug_page_alloc.o
  CC      kernel/exec_domain.o
  CC      mm/memfd.o
  AR      block/built-in.a
  CC      kernel/panic.o
  CC      kernel/cpu.o
  CC      kernel/trace/trace_export.o
  CC      kernel/trace/trace_events_filter.o
  CC      fs/ext4/symlink.o
  CC      fs/ext4/sysfs.o
  CC      fs/ext4/xattr.o
  LD [M]  block/bfq.o
  CC      fs/ext4/xattr_hurd.o
  CC      fs/ext4/xattr_trusted.o
  CC      kernel/exit.o
  CC      kernel/softirq.o
  CC      kernel/resource.o
  CC      kernel/sysctl.o
  AR      mm/built-in.a
  CC      kernel/trace/trace_events_trigger.o
  CC      kernel/trace/error_report-traces.o
  CC      kernel/trace/power-traces.o
  CC      fs/ext4/xattr_user.o
  CC      fs/ext4/fast_commit.o
  CC      fs/ext4/orphan.o
  CC      kernel/capability.o
  CC      kernel/ptrace.o
  CC      kernel/trace/rpm-traces.o
  CC      kernel/user.o
  CC      kernel/signal.o
  CC      kernel/sys.o
  CC      fs/jbd2/transaction.o
  CC      kernel/umh.o
  CC      fs/ramfs/inode.o
  AR      kernel/trace/built-in.a
  CC      fs/ext4/acl.o
  CC      fs/ext4/xattr_security.o
  CC      fs/ramfs/file-mmu.o
  CC      kernel/workqueue.o
  CC      kernel/pid.o
  CC      kernel/task_work.o
  AR      fs/ramfs/built-in.a
  AR      fs/ext4/built-in.a
  CC      kernel/extable.o
  CC      kernel/params.o
  CC      fs/jbd2/commit.o
  CC      fs/exportfs/expfs.o
  CC      fs/nls/nls_base.o
  AR      fs/unicode/built-in.a
  CC      kernel/kthread.o
  CC      kernel/sys_ni.o
  CC      fs/hostfs/hostfs_user.o
  CC      fs/debugfs/inode.o
  CC      fs/debugfs/file.o
  AR      fs/nls/built-in.a
  AR      fs/exportfs/built-in.a
  CC      fs/hostfs/hostfs_user_exp.o
  CC      fs/hostfs/hostfs_kern.o
  CC      fs/tracefs/inode.o
  CC      fs/tracefs/event_inode.o
  CC      fs/jbd2/recovery.o
  CC      fs/jbd2/checkpoint.o
  CC      kernel/nsproxy.o
  AR      fs/debugfs/built-in.a
  CC      kernel/notifier.o
  AR      fs/hostfs/built-in.a
  CC      kernel/ksysfs.o
  CC      kernel/cred.o
  AR      fs/tracefs/built-in.a
  CC      kernel/reboot.o
  CC [M]  fs/isofs/namei.o
  CC [M]  fs/autofs/init.o
  CC [M]  fs/autofs/inode.o
  CC      fs/jbd2/revoke.o
  CC [M]  fs/overlayfs/super.o
  CC      kernel/async.o
  CC      fs/open.o
  CC      fs/read_write.o
  CC [M]  fs/isofs/inode.o
  CC [M]  fs/isofs/dir.o
  CC [M]  fs/autofs/root.o
  CC      kernel/range.o
  CC      kernel/smpboot.o
  CC      fs/jbd2/journal.o
  CC [M]  fs/isofs/util.o
  CC [M]  fs/overlayfs/namei.o
  CC      kernel/ucount.o
  CC [M]  fs/autofs/symlink.o
  CC [M]  fs/autofs/waitq.o
  CC [M]  fs/autofs/expire.o
  CC [M]  fs/autofs/dev-ioctl.o
  CC [M]  fs/isofs/rock.o
  CC      fs/file_table.o
  CC      kernel/regset.o
  CC      kernel/ksyms_common.o
  CC      fs/super.o
  CC [M]  fs/overlayfs/util.o
  CC [M]  fs/overlayfs/inode.o
  LD [M]  fs/autofs/autofs4.o
  CC [M]  fs/overlayfs/file.o
  CC [M]  fs/isofs/export.o
  CC [M]  fs/overlayfs/dir.o
  CC      kernel/groups.o
  CC [M]  fs/isofs/joliet.o
  CC      kernel/freezer.o
  CC      kernel/stacktrace.o
  CC [M]  fs/overlayfs/readdir.o
  AR      fs/jbd2/built-in.a
  CC      kernel/up.o
  CC      kernel/uid16.o
  CC      kernel/kallsyms.o
  CC      kernel/acct.o
  LD [M]  fs/isofs/isofs.o
  CC      kernel/crash_core.o
  CC      fs/char_dev.o
  CC      fs/stat.o
  CC      fs/exec.o
  CC      fs/pipe.o
  CC [M]  fs/overlayfs/copy_up.o
  CC [M]  fs/overlayfs/export.o
  CC [M]  fs/overlayfs/params.o
  CC      fs/namei.o
  CC      kernel/utsname.o
  UPD     kernel/config_data
  CC      fs/fcntl.o
  CC      kernel/audit.o
  CC      kernel/auditfilter.o
  CC      kernel/auditsc.o
  LD [M]  fs/overlayfs/overlay.o
  CC      kernel/audit_watch.o
  CC      kernel/audit_fsnotify.o
  CC      kernel/audit_tree.o
  CC      kernel/hung_task.o
  CC      fs/ioctl.o
  CC      fs/readdir.o
  CC      fs/select.o
  CC      fs/dcache.o
  CC      fs/inode.o
  CC      fs/attr.o
  CC      kernel/seccomp.o
  CC      fs/bad_inode.o
  CC      kernel/relay.o
  CC      kernel/utsname_sysctl.o
  CC      kernel/tracepoint.o
  CC      kernel/latencytop.o
  CC      fs/file.o
  CC      kernel/irq_work.o
  CC      fs/filesystems.o
  CC      fs/namespace.o
  CC      fs/seq_file.o
  CC      fs/xattr.o
  CC      fs/libfs.o
  CC      fs/fs-writeback.o
  GZIP    kernel/config_data.gz
  CC      kernel/configs.o
  CC      fs/pnode.o
  CC      fs/splice.o
  AR      kernel/built-in.a
  CC      fs/sync.o
  CC      fs/utimes.o
  CC      fs/d_path.o
  CC      fs/stack.o
  CC      fs/fs_struct.o
  CC      fs/statfs.o
  CC      fs/fs_pin.o
  CC      fs/nsfs.o
  CC      fs/fs_types.o
  CC      fs/fs_context.o
  CC      fs/fs_parser.o
  CC      fs/fsopen.o
  CC      fs/init.o
  CC      fs/kernel_read_file.o
  CC      fs/mnt_idmapping.o
  CC      fs/remap_range.o
  CC      fs/buffer.o
  CC      fs/mpage.o
  CC      fs/proc_namespace.o
  CC      fs/direct-io.o
  CC      fs/eventpoll.o
  CC      fs/anon_inodes.o
  CC      fs/signalfd.o
  CC      fs/timerfd.o
  CC      fs/eventfd.o
  CC      fs/aio.o
  CC      fs/locks.o
  CC      fs/binfmt_script.o
  CC      fs/binfmt_elf.o
  CC      fs/mbcache.o
  CC      fs/posix_acl.o
  CC      fs/coredump.o
  CC      fs/drop_caches.o
  CC      fs/sysctls.o
  CC      fs/fhandle.o
  CC [M]  fs/binfmt_misc.o
  AR      fs/built-in.a
make[1]: *** [/public/home/scnz8d37kj/.sag/.vibe-coding/2100506394332942338/workspace/2100615100954968066/alpine-uml-workspace/src/linux-6.6.142/Makefile:1933: .] Error 2
make: *** [Makefile:234: __sub-make] Error 2
