  WRAP    arch/um/include/generated/asm/bpf_perf_event.h
  UPD     include/config/kernel.release
  UPD     include/generated/uapi/linux/version.h
  WRAP    arch/x86/include/generated/uapi/asm/bpf_perf_event.h
  WRAP    arch/um/include/generated/asm/bug.h
  SYSHDR  arch/x86/include/generated/uapi/asm/unistd_32.h
  WRAP    arch/x86/include/generated/uapi/asm/errno.h
  WRAP    arch/um/include/generated/asm/compat.h
  HOSTCC  scripts/kallsyms
  WRAP    arch/x86/include/generated/uapi/asm/fcntl.h
  WRAP    arch/um/include/generated/asm/current.h
  WRAP    arch/um/include/generated/asm/device.h
  UPD     include/generated/compile.h
  WRAP    arch/um/include/generated/asm/dma-mapping.h
  WRAP    arch/x86/include/generated/uapi/asm/ioctl.h
  SYSHDR  arch/x86/include/generated/uapi/asm/unistd_64.h
  WRAP    arch/x86/include/generated/uapi/asm/ioctls.h
  WRAP    arch/x86/include/generated/uapi/asm/ipcbuf.h
  SYSHDR  arch/x86/include/generated/uapi/asm/unistd_x32.h
  WRAP    arch/um/include/generated/asm/emergency-restart.h
  WRAP    arch/x86/include/generated/uapi/asm/param.h
  WRAP    arch/x86/include/generated/uapi/asm/poll.h
  WRAP    arch/um/include/generated/asm/exec.h
  WRAP    arch/um/include/generated/asm/extable.h
  WRAP    arch/x86/include/generated/uapi/asm/resource.h
  WRAP    arch/um/include/generated/asm/fb.h
  WRAP    arch/x86/include/generated/uapi/asm/socket.h
  WRAP    arch/um/include/generated/asm/ftrace.h
  WRAP    arch/x86/include/generated/uapi/asm/sockios.h
  WRAP    arch/x86/include/generated/uapi/asm/termbits.h
  WRAP    arch/um/include/generated/asm/hw_irq.h
  WRAP    arch/um/include/generated/asm/irq_regs.h
  WRAP    arch/x86/include/generated/uapi/asm/termios.h
  SYSTBL  arch/x86/include/generated/asm/syscalls_32.h
  WRAP    arch/um/include/generated/asm/irq_work.h
  WRAP    arch/x86/include/generated/uapi/asm/types.h
  WRAP    arch/um/include/generated/asm/kdebug.h
  WRAP    arch/um/include/generated/asm/mcs_spinlock.h
  WRAP    arch/um/include/generated/asm/mmiowb.h
  SYSHDR  arch/x86/include/generated/asm/unistd_32_ia32.h
  WRAP    arch/um/include/generated/asm/module.lds.h
  SYSHDR  arch/x86/include/generated/asm/unistd_64_x32.h
  WRAP    arch/um/include/generated/asm/param.h
  WRAP    arch/um/include/generated/asm/parport.h
  UPD     include/generated/utsrelease.h
  WRAP    arch/um/include/generated/asm/percpu.h
  WRAP    arch/um/include/generated/asm/preempt.h
  WRAP    arch/um/include/generated/asm/switch_to.h
  WRAP    arch/um/include/generated/asm/softirq_stack.h
  WRAP    arch/x86/include/generated/asm/early_ioremap.h
  WRAP    arch/x86/include/generated/asm/export.h
  WRAP    arch/x86/include/generated/asm/mcs_spinlock.h
  WRAP    arch/um/include/generated/asm/topology.h
  WRAP    arch/x86/include/generated/asm/irq_regs.h
  WRAP    arch/um/include/generated/asm/trace_clock.h
  SYSTBL  arch/x86/include/generated/asm/syscalls_64.h
  WRAP    arch/um/include/generated/asm/kprobes.h
  WRAP    arch/um/include/generated/asm/mm_hooks.h
  WRAP    arch/x86/include/generated/asm/kmap_size.h
  WRAP    arch/um/include/generated/asm/vga.h
  WRAP    arch/x86/include/generated/asm/local64.h
  WRAP    arch/x86/include/generated/asm/mmiowb.h
  WRAP    arch/x86/include/generated/asm/module.lds.h
  WRAP    arch/x86/include/generated/asm/rwonce.h
  WRAP    arch/x86/include/generated/asm/unaligned.h
  CC      arch/x86/um/user-offsets.s
  UPD     include/generated/user_constants.h
  CC      scripts/mod/empty.o
  HOSTCC  scripts/mod/mk_elfconfig
  CC      scripts/mod/devicetable-offsets.s
  MKELF   scripts/mod/elfconfig.h
  HOSTCC  scripts/mod/modpost.o
  HOSTCC  scripts/mod/sumversion.o
  HOSTCC  scripts/mod/symsearch.o
  UPD     scripts/mod/devicetable-offsets.h
  HOSTCC  scripts/mod/file2alias.o
  HOSTLD  scripts/mod/modpost
  CC      kernel/bounds.s
  CHKSHA1 include/linux/atomic/atomic-arch-fallback.h
  CHKSHA1 include/linux/atomic/atomic-instrumented.h
  CHKSHA1 include/linux/atomic/atomic-long.h
bc: error while loading shared libraries: libreadline.so.6: cannot open shared object file: No such file or directory
make[2]: *** [Kbuild:24: include/generated/timeconst.h] Error 127
make[2]: *** Waiting for unfinished jobs....
make[1]: *** [/public/home/scnz8d37kj/.sag/.vibe-coding/2100506394332942338/workspace/2100615100954968066/alpine-uml-workspace/src/linux-6.6.142/Makefile:1209: prepare0] Error 2
make: *** [Makefile:234: __sub-make] Error 2
