  SYNC    include/config/auto.conf.cmd
  CALL    scripts/checksyscalls.sh
  CC      mm/ldm_core.o
  CC      mm/ldm_compat.o
  QUOTE   arch/um/kernel/config.tmp
  QUOTE   arch/um/kernel/config.c
  CC      arch/um/kernel/config.o
  AR      arch/um/kernel/built-in.a
  AR      arch/um/built-in.a
mm/ldm_core.c: In function ‘ldm_lazy_copy’:
mm/ldm_core.c:257:35: warning: unused variable ‘dst_vma’ [-Wunused-variable]
  struct vm_area_struct *src_vma, *dst_vma;
                                   ^~~~~~~
mm/ldm_core.c:257:25: warning: unused variable ‘src_vma’ [-Wunused-variable]
  struct vm_area_struct *src_vma, *dst_vma;
                         ^~~~~~~
  UPD     kernel/config_data
  AR      mm/built-in.a
  GZIP    kernel/config_data.gz
  CC      kernel/configs.o
  AR      kernel/built-in.a
  AR      built-in.a
  AR      vmlinux.a
  LD      vmlinux.o
  OBJCOPY modules.builtin.modinfo
  GEN     modules.builtin
  MODPOST Module.symvers
  CC      .vmlinux.export.o
  UPD     include/generated/utsversion.h
  CC      init/version-timestamp.o
  LD      .tmp_vmlinux.kallsyms1
  NM      .tmp_vmlinux.kallsyms1.syms
  KSYMS   .tmp_vmlinux.kallsyms1.S
  AS      .tmp_vmlinux.kallsyms1.o
  LD      .tmp_vmlinux.kallsyms2
  NM      .tmp_vmlinux.kallsyms2.syms
  KSYMS   .tmp_vmlinux.kallsyms2.S
  AS      .tmp_vmlinux.kallsyms2.o
  LD      vmlinux
  NM      System.map
  LINK linux
