  CC      arch/um/kernel/asm-offsets.s
  CALL    scripts/checksyscalls.sh
  GEN     scripts/gdb/linux/constants.py
  CC      arch/um/os-Linux/user_syms.o
  CC      arch/x86/um/signal.o
  CC      arch/um/drivers/stdio_console.o
  CC      init/main.o
  CC      arch/um/os-Linux/drivers/ethertap_kern.o
  CC      mm/filemap.o
  CC      arch/x86/um/sys_call_table_64.o
  CC      kernel/fork.o
  CC      fs/open.o
  LDS     arch/um/kernel/vmlinux.lds
  CC      arch/x86/um/sysrq_64.o
  CC      arch/um/drivers/chan_kern.o
  CC      arch/um/kernel/exec.o
  CC      arch/um/os-Linux/drivers/tuntap_kern.o
  CC      arch/x86/um/tls_64.o
  CC      arch/um/kernel/exitcode.o
  CC      arch/x86/um/mem_64.o
  CC      arch/um/drivers/line.o
  CC      init/do_mounts.o
  AR      arch/um/os-Linux/drivers/built-in.a
  CC      arch/um/kernel/irq.o
  AR      arch/um/os-Linux/built-in.a
  CC      init/noinitramfs.o
  CC      arch/x86/um/../lib/csum-partial_64.o
  CC      fs/read_write.o
  CC      arch/x86/um/../kernel/module.o
  CC      arch/um/drivers/ssl.o
  CC      arch/um/drivers/stderr_console.o
  CC      arch/um/kernel/ksyms.o
  CC      arch/um/drivers/slip_kern.o
  CC      init/calibrate.o
  CC      kernel/exec_domain.o
  CC      arch/x86/um/syscalls_64.o
  CC      mm/mempool.o
  CC      arch/um/kernel/mem.o
  CC      init/init_task.o
  CC      arch/um/kernel/physmem.o
  CC      kernel/panic.o
  CC      fs/file_table.o
  CC      arch/x86/um/vdso/vma.o
  CC      arch/um/drivers/slirp_kern.o
  CC      arch/um/kernel/process.o
  CC      arch/um/drivers/daemon_kern.o
  CC      mm/oom_kill.o
  CC      init/version.o
  AR      init/built-in.a
  CC      mm/fadvise.o
  AR      arch/x86/um/vdso/built-in.a
  CC      arch/x86/um/delay.o
  CC      kernel/cpu.o
  CC      kernel/exit.o
  CC      fs/super.o
  CC      arch/x86/um/ldt.o
  CC      arch/um/drivers/vector_kern.o
  CC      arch/um/kernel/ptrace.o
  CC      mm/maccess.o
  CC      arch/um/kernel/reboot.o
  CC      arch/um/kernel/sigio.o
  CC      arch/x86/um/ptrace_64.o
  CC      kernel/softirq.o
  CC      mm/page-writeback.o
  CC      mm/folio-compat.o
  CC      arch/um/kernel/signal.o
  AR      arch/x86/um/built-in.a
  CC      fs/char_dev.o
  CC      fs/stat.o
  CC      fs/exec.o
  CC      arch/um/drivers/vector_transports.o
  CC      arch/um/kernel/sysrq.o
  CC      arch/um/kernel/time.o
  CC      kernel/resource.o
  CC      kernel/sysctl.o
  CC      mm/readahead.o
  CC      mm/swap.o
  CC      arch/um/kernel/tlb.o
  CC      arch/um/drivers/umcast_kern.o
  CC      arch/um/kernel/trap.o
  CC      fs/pipe.o
  CC      fs/namei.o
  CC      fs/fcntl.o
  CC      arch/um/kernel/um_arch.o
  CC      arch/um/drivers/net_kern.o
  CC      mm/truncate.o
  CC      kernel/capability.o
  CC      kernel/ptrace.o
  CC      arch/um/kernel/kmsg_dump.o
  CC      mm/vmscan.o
  CC      arch/um/kernel/skas/mmu.o
  CC      arch/um/kernel/skas/process.o
  CC      arch/um/kernel/skas/syscall.o
  CC      arch/um/drivers/mconsole_kern.o
  CC      mm/shmem.o
  CC      arch/um/drivers/ubd_kern.o
  CC      fs/ioctl.o
  CC      arch/um/kernel/skas/uaccess.o
  CC      kernel/user.o
  CC      fs/readdir.o
  CC      kernel/signal.o
  AR      arch/um/kernel/skas/built-in.a
  CC      arch/um/kernel/load_file.o
  CC      kernel/sys.o
  CC      kernel/umh.o
  CC      arch/um/drivers/port_kern.o
  CC      arch/um/kernel/early_printk.o
  CC      fs/select.o
  CC      arch/um/kernel/stacktrace.o
  CC      arch/um/drivers/xterm_kern.o
  CC      fs/dcache.o
  CC      arch/um/drivers/random.o
  CC      mm/util.o
  AR      arch/um/kernel/built-in.a
  CC      mm/mmzone.o
  CC      ipc/util.o
  AR      arch/um/drivers/built-in.a
  AR      arch/um/built-in.a
  CC      kernel/workqueue.o
  CC      mm/vmstat.o
  CC      mm/backing-dev.o
  CC      ipc/msgutil.o
  CC      ipc/msg.o
  CC      fs/inode.o
  CC      mm/mm_init.o
  CC      ipc/sem.o
  CC      mm/percpu.o
  CC      kernel/pid.o
  CC      kernel/task_work.o
  CC      kernel/extable.o
  CC      mm/slab_common.o
  CC      kernel/params.o
  CC      mm/compaction.o
  CC      fs/attr.o
  CC      mm/show_mem.o
  CC      ipc/shm.o
  CC      ipc/syscall.o
  CC      ipc/ipc_sysctl.o
  CC      ipc/mqueue.o
  CC      fs/bad_inode.o
  CC      kernel/kthread.o
  CC      ipc/namespace.o
  CC      kernel/nsproxy.o
  CC      kernel/notifier.o
  CC      mm/shmem_quota.o
  CC      fs/file.o
  CC      mm/interval_tree.o
  CC      mm/list_lru.o
  CC      ipc/mq_sysctl.o
  CC      mm/workingset.o
  CC      mm/debug.o
  CC      kernel/ksysfs.o
  CC      kernel/cred.o
  AR      ipc/built-in.a
  CC      kernel/reboot.o
  CC      kernel/async.o
  CC      mm/gup.o
  CC      mm/mmap_lock.o
  CC      kernel/smpboot.o
  CC      fs/filesystems.o
  CC      fs/namespace.o
  CC      fs/seq_file.o
  CC      fs/xattr.o
  CC      fs/libfs.o
  CC      kernel/ucount.o
  CC      kernel/regset.o
  CC      kernel/ksyms_common.o
  CC      mm/highmem.o
  CC      mm/memory.o
  CC      mm/mincore.o
  CC      fs/fs-writeback.o
  CC      kernel/groups.o
  CC      kernel/sched/core.o
  CC      kernel/locking/mutex.o
  CC      kernel/locking/semaphore.o
  CC      fs/pnode.o
  CC      fs/splice.o
  CC      fs/sync.o
  CC      mm/mlock.o
  CC      mm/mmap.o
  CC      kernel/locking/rwsem.o
  CC      mm/mmu_gather.o
  CC      mm/mprotect.o
  CC      fs/utimes.o
  CC      fs/d_path.o
  CC      fs/stack.o
  CC      fs/fs_struct.o
  CC      kernel/locking/percpu-rwsem.o
  CC      mm/mremap.o
  CC      mm/msync.o
  CC      fs/statfs.o
  CC      kernel/locking/mutex-debug.o
  CC      mm/page_vma_mapped.o
  CC      mm/pagewalk.o
  CC      kernel/sched/fair.o
  CC      kernel/sched/build_policy.o
  CC      fs/fs_pin.o
  CC      kernel/locking/lockdep.o
  CC      fs/nsfs.o
  CC      fs/fs_types.o
  CC      fs/fs_context.o
  CC      mm/pgtable-generic.o
  CC      mm/rmap.o
  CC      mm/vmalloc.o
  CC      mm/process_vm_access.o
  CC      fs/fs_parser.o
  CC      mm/page_alloc.o
  CC      fs/fsopen.o
  CC      fs/init.o
  CC      mm/init-mm.o
  CC      kernel/locking/lockdep_proc.o
  CC      kernel/sched/build_utility.o
  CC      kernel/locking/rtmutex_api.o
  CC      mm/memblock.o
  CC      fs/kernel_read_file.o
  CC      fs/mnt_idmapping.o
  CC      fs/remap_range.o
  CC      mm/madvise.o
  CC      mm/page_io.o
  CC      fs/buffer.o
  CC      kernel/locking/spinlock.o
  CC      kernel/locking/spinlock_debug.o
  CC      fs/mpage.o
  CC      fs/proc_namespace.o
  CC      fs/direct-io.o
  AR      kernel/locking/built-in.a
  CC      fs/eventpoll.o
  CC      fs/notify/fsnotify.o
  AR      kernel/sched/built-in.a
  CC      mm/swap_state.o
  CC      kernel/power/qos.o
  CC      kernel/power/main.o
  CC      kernel/power/process.o
  CC      fs/notify/notification.o
  CC      fs/notify/group.o
  CC      fs/anon_inodes.o
  CC      kernel/power/suspend.o
  CC      mm/swapfile.o
  CC      mm/swap_slots.o
  CC      mm/page_poison.o
  CC      fs/signalfd.o
  CC      fs/notify/mark.o
  CC      kernel/power/poweroff.o
  CC      fs/notify/fdinfo.o
  CC      fs/notify/dnotify/dnotify.o
  CC      fs/notify/inotify/inotify_fsnotify.o
  CC      fs/notify/inotify/inotify_user.o
  CC      fs/timerfd.o
  AR      kernel/power/built-in.a
  CC      kernel/printk/printk.o
  CC      kernel/irq/irqdesc.o
  CC      kernel/irq/handle.o
  CC      kernel/irq/manage.o
  AR      fs/notify/dnotify/built-in.a
  CC      kernel/irq/spurious.o
  CC      kernel/irq/resend.o
  CC      kernel/printk/printk_safe.o
  AR      fs/notify/inotify/built-in.a
  CC      mm/slub.o
  AR      fs/notify/built-in.a
  CC      fs/eventfd.o
  CC      mm/memfd.o
  CC      mm/ldm_core.o
  CC      fs/aio.o
  CC      fs/locks.o
  CC      kernel/irq/chip.o
mm/ldm_core.c: In function ‘ldm_lazy_copy’:
mm/ldm_core.c:257:35: warning: unused variable ‘dst_vma’ [-Wunused-variable]
  struct vm_area_struct *src_vma, *dst_vma;
                                   ^~~~~~~
mm/ldm_core.c:257:25: warning: unused variable ‘src_vma’ [-Wunused-variable]
  struct vm_area_struct *src_vma, *dst_vma;
                         ^~~~~~~
  CC      kernel/irq/dummychip.o
  CC      kernel/irq/devres.o
  CC      security/commoncap.o
  CC      kernel/printk/printk_ringbuffer.o
  CC      security/min_addr.o
  CC      security/security.o
  CC      kernel/irq/proc.o
  CC      kernel/irq/pm.o
  CC      kernel/printk/sysctl.o
  CC      security/inode.o
  CC      security/lsm_audit.o
  AR      kernel/printk/built-in.a
  CC      security/device_cgroup.o
  CC      fs/binfmt_script.o
  CC      security/integrity/iint.o
  AR      kernel/irq/built-in.a
  CC      kernel/rcu/update.o
  CC      fs/binfmt_elf.o
  CC      fs/mbcache.o
  CC      mm/ldm_compat.o
  CC      security/integrity/integrity_audit.o
  CC      kernel/rcu/sync.o
  CC      mm/ldm_lazy.o
  CC      mm/ldm_iommu.o
  CC      crypto/api.o
  AR      security/integrity/built-in.a
  CC      crypto/cipher.o
  CC      block/bdev.o
  CC      kernel/rcu/srcutiny.o
  CC      fs/posix_acl.o
  CC      fs/coredump.o
  AR      security/built-in.a
  CC      mm/ldm_cache.o
  CC      mm/ldm_hooks.o
  CC      kernel/rcu/tiny.o
  CC      crypto/compress.o
  CC      io_uring/io_uring.o
  CC      crypto/algapi.o
  CC      block/fops.o
  CC      block/bio.o
  AR      kernel/rcu/built-in.a
  AR      mm/built-in.a
  CC      kernel/dma/remap.o
  CC      lib/argv_split.o
  CC      fs/drop_caches.o
  AR      kernel/dma/built-in.a
  CC      kernel/module/main.o
  CC      lib/buildid.o
  CC      drivers/tty/tty_io.o
  CC      drivers/tty/n_tty.o
  CC      crypto/scatterwalk.o
  CC      fs/sysctls.o
  CC      fs/fhandle.o
  CC      lib/dec_and_lock.o
  CC      block/elevator.o
  CC      lib/dump_stack.o
  CC      crypto/proc.o
  CC      fs/iomap/trace.o
  CC      lib/extable.o
  CC      lib/flex_proportions.o
  CC      crypto/ahash.o
  CC      block/blk-core.o
  CC      lib/idr.o
  CC      drivers/tty/tty_ioctl.o
  CC      fs/quota/dquot.o
  CC      kernel/module/strict_rwx.o
  CC      fs/iomap/iter.o
  CC      crypto/shash.o
  CC      lib/irq_regs.o
  CC      kernel/module/kmod.o
  CC      lib/is_single_threaded.o
  CC      io_uring/xattr.o
  CC      drivers/tty/tty_ldisc.o
  CC      lib/klist.o
  CC      fs/iomap/buffered-io.o
  CC      kernel/module/tree_lookup.o
  CC      io_uring/nop.o
  CC      lib/kobject.o
  CC      crypto/sha256_generic.o
  CC      drivers/tty/tty_buffer.o
  CC      block/blk-sysfs.o
  CC      kernel/module/kallsyms.o
  CC      fs/quota/quota.o
  CC      crypto/crc32c_generic.o
  CC      io_uring/fs.o
  CC      lib/kobject_uevent.o
  CC      drivers/tty/tty_port.o
  AR      crypto/built-in.a
  CC      drivers/tty/tty_mutex.o
  CC      kernel/module/procfs.o
  CC      block/blk-flush.o
  CC      fs/iomap/direct-io.o
  CC      io_uring/splice.o
  CC      fs/quota/kqid.o
  CC      kernel/module/sysfs.o
  CC      drivers/tty/tty_ldsem.o
  CC      lib/logic_pio.o
  CC      fs/iomap/fiemap.o
  CC      block/blk-settings.o
  AR      fs/quota/built-in.a
  CC      block/blk-ioc.o
  CC      io_uring/sync.o
  CC      lib/maple_tree.o
  AR      kernel/module/built-in.a
  CC      lib/memcat_p.o
  CC      fs/iomap/seek.o
  CC      kernel/freezer.o
  CC      drivers/tty/tty_baudrate.o
  CC      drivers/tty/tty_jobctrl.o
  CC      io_uring/advise.o
  CC      io_uring/filetable.o
  CC      block/blk-map.o
  CC      kernel/stacktrace.o
  CC      fs/iomap/swapfile.o
  CC      drivers/tty/n_null.o
  CC      fs/kernfs/mount.o
  CC      drivers/tty/pty.o
  CC      kernel/time/time.o
  AR      fs/iomap/built-in.a
  CC      fs/proc/task_mmu.o
  CC      io_uring/openclose.o
  CC      fs/proc/inode.o
  CC      block/blk-merge.o
  CC      fs/kernfs/inode.o
  CC      drivers/tty/tty_audit.o
  CC      kernel/time/timer.o
  CC      drivers/tty/sysrq.o
  CC      io_uring/uring_cmd.o
  CC      fs/kernfs/dir.o
  CC      fs/proc/root.o
  CC      block/blk-timeout.o
  CC      lib/nmi_backtrace.o
  CC      lib/plist.o
  AR      drivers/tty/built-in.a
  CC      fs/proc/base.o
  CC      block/blk-lib.o
  CC      lib/radix-tree.o
  CC      drivers/char/mem.o
  CC      drivers/char/random.o
  CC      io_uring/epoll.o
  CC      kernel/time/hrtimer.o
  CC      fs/kernfs/file.o
  CC      block/blk-mq.o
  CC      block/blk-mq-tag.o
  CC      io_uring/statx.o
  CC      lib/ratelimit.o
  CC      lib/rbtree.o
  CC      fs/kernfs/symlink.o
  CC      drivers/char/misc.o
  CC      io_uring/net.o
  CC      kernel/time/timekeeping.o
  CC      lib/seq_buf.o
  CC      fs/proc/generic.o
  CC      io_uring/msg_ring.o
  AR      fs/kernfs/built-in.a
  CC      block/blk-stat.o
  CC      drivers/char/hw_random/core.o
  CC      lib/siphash.o
  CC      fs/proc/array.o
  CC      fs/proc/fd.o
  CC      block/blk-mq-sysfs.o
  CC      kernel/time/ntp.o
  CC      lib/string.o
  AR      drivers/char/hw_random/built-in.a
  AR      drivers/char/built-in.a
  CC      io_uring/timeout.o
  CC      lib/timerqueue.o
  CC      drivers/base/component.o
  CC      lib/vsprintf.o
  CC      lib/win_minmax.o
  CC      fs/proc/proc_tty.o
  CC      kernel/time/clocksource.o
  CC      kernel/time/jiffies.o
  CC      block/blk-mq-cpumap.o
  CC      kernel/time/timer_list.o
  CC      kernel/futex/core.o
  CC      fs/proc/cmdline.o
  CC      io_uring/sqpoll.o
  CC      drivers/base/core.o
  CC      io_uring/fdinfo.o
  CC      block/blk-mq-sched.o
  CC      kernel/time/timeconv.o
  CC      fs/proc/consoles.o
  CC      kernel/time/alarmtimer.o
  CC      kernel/futex/syscalls.o
  CC      fs/proc/cpuinfo.o
  CC      fs/proc/devices.o
  CC      io_uring/tctx.o
  CC      block/ioctl.o
  CC      io_uring/poll.o
  CC      lib/xarray.o
  CC      fs/proc/interrupts.o
  CC      kernel/futex/pi.o
  CC      kernel/time/posix-timers.o
  CC      fs/proc/loadavg.o
  CC      fs/proc/meminfo.o
  CC      block/genhd.o
  CC      kernel/futex/requeue.o
  CC      lib/lockref.o
  CC      drivers/base/bus.o
  CC      io_uring/cancel.o
  CC      fs/proc/stat.o
  CC      kernel/time/posix-cpu-timers.o
  CC      kernel/time/posix-clock.o
  CC      lib/parser.o
  CC      kernel/futex/waitwake.o
  CC      lib/debug_locks.o
  CC      fs/proc/uptime.o
  AR      kernel/futex/built-in.a
  CC      lib/random32.o
  CC      block/ioprio.o
  CC      block/badblocks.o
  CC      io_uring/kbuf.o
  CC      drivers/base/dd.o
  CC      drivers/base/syscore.o
  CC      fs/proc/util.o
  CC      lib/bust_spinlocks.o
  CC      kernel/time/itimer.o
  CC      kernel/time/clockevents.o
  CC      fs/proc/version.o
  CC      block/partitions/core.o
  CC      block/blk-rq-qos.o
  CC      lib/kasprintf.o
  CC      io_uring/rsrc.o
  CC      drivers/base/driver.o
  CC      drivers/base/class.o
  CC      fs/proc/softirqs.o
  CC      lib/bitmap.o
  CC      kernel/time/tick-common.o
  CC      kernel/time/tick-oneshot.o
  CC      kernel/time/tick-sched.o
  CC      fs/proc/namespaces.o
  CC      block/partitions/msdos.o
  CC      drivers/base/platform.o
  CC      drivers/base/cpu.o
  CC      drivers/base/firmware.o
  CC      lib/scatterlist.o
  CC      fs/proc/self.o
  CC      block/partitions/efi.o
  CC      drivers/base/init.o
  CC      io_uring/rw.o
  CC      io_uring/opdef.o
  CC      kernel/time/timekeeping_debug.o
  CC      fs/proc/thread_self.o
  CC      fs/proc/proc_sysctl.o
  CC      drivers/base/map.o
  CC      lib/uuid.o
  AR      kernel/time/built-in.a
  CC      kernel/up.o
  AR      block/partitions/built-in.a
  CC      block/disk-events.o
  CC      lib/iov_iter.o
  CC      kernel/uid16.o
  CC      kernel/kallsyms.o
  CC      drivers/base/devres.o
  CC      drivers/base/attribute_container.o
  CC      io_uring/notif.o
  CC      block/blk-ia-ranges.o
  CC      block/early-lookup.o
  CC      drivers/base/transport_class.o
  CC      drivers/base/topology.o
  CC      fs/proc/proc_net.o
  CC      kernel/acct.o
  CC      kernel/crash_core.o
  CC      drivers/base/container.o
  CC      block/blk-cgroup.o
  CC      io_uring/io-wq.o
  CC      kernel/cgroup/cgroup.o
  CC      fs/proc/kcore.o
  CC      drivers/base/property.o
  CC      lib/bsearch.o
  CC      fs/proc/kmsg.o
  CC      fs/proc/page.o
  CC      lib/kfifo.o
  CC      lib/percpu-refcount.o
  CC      net/devres.o
  AR      fs/proc/built-in.a
  CC      fs/sysfs/file.o
  CC      drivers/base/cacheinfo.o
  AR      io_uring/built-in.a
  CC      fs/sysfs/dir.o
  CC      block/blk-cgroup-rwstat.o
  CC      kernel/cgroup/rstat.o
  CC      lib/rhashtable.o
  CC      net/socket.o
  CC      drivers/base/swnode.o
  CC      fs/sysfs/symlink.o
  CC      block/mq-deadline.o
  CC      net/core/sock.o
  CC      block/kyber-iosched.o
  CC      fs/sysfs/mount.o
  CC      lib/once.o
  CC      drivers/base/devtmpfs.o
  CC      lib/refcount.o
  CC      fs/sysfs/group.o
  CC      lib/rcuref.o
  CC      drivers/base/power/sysfs.o
  CC      block/blk-mq-debugfs.o
  CC      lib/usercopy.o
  CC      net/ethernet/eth.o
  CC      kernel/cgroup/namespace.o
  CC      lib/bucket_locks.o
  AR      fs/sysfs/built-in.a
  CC      kernel/cgroup/cgroup-v1.o
  CC      fs/configfs/inode.o
  CC      drivers/base/power/generic_ops.o
  CC      lib/generic-radix-tree.o
  CC      lib/string_helpers.o
  CC      block/blk-pm.o
  CC      drivers/base/power/common.o
  CC      fs/configfs/file.o
  CC      fs/configfs/dir.o
  AR      net/ethernet/built-in.a
  CC      fs/configfs/symlink.o
  CC      drivers/base/power/qos.o
  CC      kernel/cgroup/freezer.o
  CC [M]  block/bfq-iosched.o
  CC      lib/kstrtox.o
  CC      net/core/request_sock.o
  CC      net/core/skbuff.o
  CC      net/core/datagram.o
  CC      lib/crypto/memneq.o
  CC      fs/configfs/mount.o
  CC      kernel/cgroup/legacy_freezer.o
  CC      drivers/base/power/runtime.o
  CC      lib/crypto/utils.o
  CC      drivers/base/firmware_loader/main.o
  CC      fs/configfs/item.o
  CC      lib/crypto/blake2s.o
  AR      kernel/cgroup/built-in.a
  CC      kernel/utsname.o
  AR      fs/configfs/built-in.a
  CC      net/core/stream.o
  CC      drivers/base/power/wakeirq.o
  CC      lib/crypto/sha1.o
  CC      fs/devpts/inode.o
  CC      kernel/audit.o
  CC      drivers/base/firmware_loader/builtin/main.o
  CC      lib/crypto/sha256.o
  CC      drivers/base/power/main.o
  AR      drivers/base/firmware_loader/builtin/built-in.a
  AR      drivers/base/firmware_loader/built-in.a
  CC [M]  drivers/block/loop.o
  AR      fs/devpts/built-in.a
  AR      lib/crypto/built-in.a
  CC      fs/reiserfs/bitmap.o
  CC      lib/list_debug.o
  CC [M]  block/bfq-wf2q.o
  CC      lib/debugobjects.o
  CC      fs/ext4/balloc.o
  CC      kernel/auditfilter.o
  CC      drivers/base/power/wakeup.o
  CC [M]  block/bfq-cgroup.o
  CC      fs/reiserfs/do_balan.o
  CC      lib/bitrev.o
  CC [M]  drivers/block/nbd.o
  CC      net/core/scm.o
  CC      lib/crc16.o
  CC      fs/ext4/bitmap.o
  CC      drivers/base/power/wakeup_stats.o
  CC      lib/crc32.o
  AR      block/built-in.a
  CC      kernel/auditsc.o
  LD [M]  block/bfq.o
  CC      kernel/audit_watch.o
  CC      fs/ext4/block_validity.o
  CC      fs/reiserfs/namei.o
  AR      drivers/base/power/built-in.a
  CC      drivers/base/module.o
  CC      lib/audit.o
  CC      net/core/gen_stats.o
  CC      drivers/base/trace.o
  CC      lib/dynamic_debug.o
  CC      fs/ext4/dir.o
  CC      fs/ext4/ext4_jbd2.o
  CC      kernel/audit_fsnotify.o
  CC      fs/reiserfs/inode.o
  AR      drivers/base/built-in.a
  CC      net/core/gen_estimator.o
  CC      drivers/net/loopback.o
  CC      kernel/audit_tree.o
  CC      net/core/net_namespace.o
  CC      fs/ext4/extents.o
  CC      fs/ext4/extents_status.o
  CC      fs/ext4/file.o
  CC      lib/nlattr.o
  CC      drivers/net/tun.o
  CC      kernel/hung_task.o
  CC      net/core/secure_seq.o
  CC      fs/reiserfs/file.o
  CC      fs/reiserfs/dir.o
  CC      lib/glob.o
  CC      kernel/seccomp.o
  CC      fs/ext4/fsmap.o
  CC      lib/net_utils.o
  CC      net/core/flow_dissector.o
  CC      fs/reiserfs/fix_node.o
  CC      lib/stackdepot.o
  CC      lib/sbitmap.o
  CC      net/core/sysctl_net_core.o
  CC      net/core/dev.o
  CC      lib/group_cpus.o
  CC      fs/ext4/fsync.o
  CC      kernel/relay.o
  CC      fs/reiserfs/super.o
  AR      lib/lib.a
  AR      lib/built-in.a
  CC      fs/reiserfs/prints.o
  CC      net/core/dev_addr_lists.o
  CC      net/core/dst.o
  CC      fs/ext4/hash.o
  CC      kernel/utsname_sysctl.o
  CC      kernel/tracepoint.o
  CC      fs/jbd2/transaction.o
  CC      fs/ext4/ialloc.o
  CC      fs/jbd2/commit.o
  CC      fs/jbd2/recovery.o
  CC      fs/reiserfs/objectid.o
  CC      kernel/latencytop.o
  CC      fs/reiserfs/lbalance.o
  CC      net/core/netevent.o
  CC      kernel/trace/trace_clock.o
  CC      net/core/neighbour.o
  CC      fs/jbd2/checkpoint.o
  CC      kernel/trace/ring_buffer.o
  CC      fs/ext4/indirect.o
  CC      fs/jbd2/revoke.o
  CC      fs/reiserfs/ibalance.o
  CC      net/core/rtnetlink.o
  CC      fs/jbd2/journal.o
  CC      fs/reiserfs/stree.o
  CC      fs/ext4/inline.o
  CC      net/core/utils.o
  CC      kernel/trace/trace.o
  CC      fs/reiserfs/hashes.o
  CC      fs/reiserfs/tail_conversion.o
  CC      fs/ext4/inode.o
  CC      fs/reiserfs/journal.o
  CC      net/core/link_watch.o
  CC      net/core/filter.o
  AR      fs/jbd2/built-in.a
  CC      fs/reiserfs/resize.o
  CC      fs/reiserfs/item_ops.o
  CC      net/core/sock_diag.o
  CC      fs/reiserfs/ioctl.o
  CC      net/core/dev_ioctl.o
  CC      net/core/tso.o
  CC      fs/reiserfs/xattr.o
  CC      net/core/sock_reuseport.o
  CC      fs/reiserfs/lock.o
  CC      net/core/fib_notifier.o
  CC      net/core/xdp.o
  CC      kernel/trace/trace_output.o
  CC      fs/ext4/ioctl.o
  AR      fs/reiserfs/built-in.a
  CC      kernel/trace/trace_seq.o
  CC [M]  drivers/net/dummy.o
  CC      net/core/flow_offload.o
  CC      net/core/gro.o
  CC      fs/ramfs/inode.o
  CC      fs/exportfs/expfs.o
  CC      kernel/trace/trace_stat.o
  CC      fs/ext4/mballoc.o
  CC      kernel/trace/trace_printk.o
  CC      fs/ramfs/file-mmu.o
  AR      fs/exportfs/built-in.a
  CC [M]  drivers/net/veth.o
  CC      kernel/irq_work.o
  AR      fs/ramfs/built-in.a
  CC      kernel/trace/pid_list.o
  CC [M]  drivers/net/ppp/ppp_generic.o
  CC      net/core/netdev-genl.o
  CC      net/core/netdev-genl-gen.o
  CC      kernel/trace/trace_sched_switch.o
  CC      kernel/trace/trace_preemptirq.o
  CC      kernel/bpf/core.o
  CC      net/core/gso.o
  CC      net/core/net-sysfs.o
  CC [M]  drivers/net/slip/slip.o
  CC      kernel/trace/trace_irqsoff.o
  CC [M]  drivers/net/slip/slhc.o
  CC      net/core/page_pool.o
  CC      kernel/trace/trace_sched_wakeup.o
  CC      fs/ext4/migrate.o
  CC      fs/ext4/mmp.o
  CC      net/core/net-procfs.o
  AR      kernel/bpf/built-in.a
  CC      net/core/net-traces.o
  CC      kernel/trace/trace_hwlat.o
  CC      drivers/input/serio/serio.o
  CC      drivers/input/serio/serport.o
  CC      net/sched/sch_generic.o
  CC      fs/ext4/move_extent.o
  CC      fs/ext4/namei.o
  CC      fs/ext4/page-io.o
  CC      drivers/input/serio/libps2.o
  CC      kernel/trace/trace_osnoise.o
  CC      kernel/trace/trace_nop.o
  AR      drivers/input/serio/built-in.a
  CC      net/core/ptp_classifier.o
  CC      drivers/input/input.o
  CC      kernel/trace/blktrace.o
  CC      net/sched/sch_mq.o
  CC      net/sched/sch_frag.o
  CC      fs/nls/nls_base.o
  AR      net/core/built-in.a
  CC      fs/ext4/readpage.o
  AR      fs/nls/built-in.a
  CC      drivers/pps/pps.o
  CC      drivers/input/input-compat.o
  CC      kernel/trace/trace_events.o
  CC      kernel/trace/trace_export.o
  AR      net/sched/built-in.a
  CC      kernel/trace/trace_events_filter.o
  CC      net/netlink/af_netlink.o
  CC      drivers/pps/kapi.o
  CC      fs/ext4/resize.o
  CC      drivers/input/input-mt.o
  CC      fs/ext4/super.o
  CC      drivers/pps/sysfs.o
  CC      drivers/input/input-poller.o
  AR      drivers/pps/built-in.a
  CC      fs/ext4/symlink.o
  CC      fs/ext4/sysfs.o
  CC      drivers/input/ff-core.o
  CC      kernel/trace/trace_events_trigger.o
  CC      kernel/trace/error_report-traces.o
  CC      kernel/configs.o
  CC      drivers/input/touchscreen.o
  CC      drivers/input/ff-memless.o
  CC      drivers/input/vivaldi-fmap.o
  CC      fs/ext4/xattr.o
  CC      net/netlink/genetlink.o
  CC      net/netlink/policy.o
  CC      drivers/input/keyboard/atkbd.o
  CC      net/ethtool/ioctl.o
  CC      kernel/trace/power-traces.o
  CC      net/ethtool/common.o
  AR      drivers/input/keyboard/built-in.a
  AR      net/netlink/built-in.a
  CC      drivers/input/mouse/psmouse-base.o
  CC      net/ethtool/netlink.o
  CC      kernel/trace/rpm-traces.o
  CC      net/ethtool/bitset.o
  CC      net/ipv4/route.o
  AR      kernel/trace/built-in.a
  AR      kernel/built-in.a
  CC      net/ethtool/strset.o
  CC      drivers/input/mouse/synaptics.o
  CC      fs/ext4/xattr_hurd.o
  CC      fs/ext4/xattr_trusted.o
  CC      fs/ext4/xattr_user.o
  CC      net/ethtool/linkinfo.o
  CC      fs/ext4/fast_commit.o
  AR      drivers/net/built-in.a
  CC      fs/ext4/orphan.o
  CC      net/ethtool/linkmodes.o
  CC      net/ethtool/rss.o
  CC      drivers/input/mouse/focaltech.o
  CC      fs/ext4/acl.o
  CC      drivers/input/mouse/alps.o
  CC      net/ipv4/inetpeer.o
  CC      drivers/input/mouse/byd.o
  CC      net/ethtool/linkstate.o
  CC      drivers/input/mouse/logips2pp.o
  CC      net/ethtool/debug.o
  CC      net/ethtool/wol.o
  CC      fs/ext4/xattr_security.o
  CC      net/ethtool/features.o
  CC      net/ethtool/privflags.o
  CC      drivers/input/mouse/trackpoint.o
  CC      net/ipv4/protocol.o
  CC      net/ipv4/ip_input.o
  AR      fs/ext4/built-in.a
  CC      fs/hostfs/hostfs_user_exp.o
  CC      fs/debugfs/inode.o
  CC      fs/debugfs/file.o
  CC      fs/hostfs/hostfs_kern.o
  CC      net/ethtool/rings.o
  CC      drivers/input/mouse/cypress_ps2.o
  CC      net/unix/af_unix.o
  CC      drivers/ptp/ptp_clock.o
  CC      drivers/ptp/ptp_chardev.o
  CC      net/ipv4/ip_fragment.o
  AR      drivers/input/mouse/built-in.a
  AR      drivers/input/built-in.a
  AR      fs/debugfs/built-in.a
  CC      net/ipv4/ip_forward.o
  CC      net/ethtool/channels.o
  CC      net/ethtool/coalesce.o
  AR      fs/hostfs/built-in.a
  CC      net/ethtool/pause.o
  CC      fs/tracefs/inode.o
  CC      drivers/ptp/ptp_sysfs.o
  CC [M]  fs/binfmt_misc.o
  CC      fs/tracefs/event_inode.o
  CC      net/ethtool/eee.o
  CC      net/ipv4/ip_options.o
  CC      drivers/ptp/ptp_vclock.o
  CC      net/ethtool/tsinfo.o
  CC      net/ipv4/ip_output.o
  CC      net/unix/garbage.o
  AR      drivers/ptp/built-in.a
  AR      fs/tracefs/built-in.a
  CC [M]  fs/isofs/namei.o
  CC [M]  fs/isofs/inode.o
  CC [M]  fs/autofs/init.o
  CC      net/ethtool/cabletest.o
  CC      drivers/hid/hid-core.o
  CC      net/ethtool/tunnels.o
  CC [M]  fs/autofs/inode.o
  CC      net/ipv4/ip_sockglue.o
  CC      net/unix/sysctl_net_unix.o
  CC      net/ipv4/inet_hashtables.o
  CC [M]  fs/isofs/dir.o
  CC [M]  fs/autofs/root.o
  CC      net/ethtool/fec.o
  CC [M]  fs/isofs/util.o
  AR      net/unix/built-in.a
  CC      net/ipv4/inet_timewait_sock.o
  CC      drivers/hid/hid-input.o
  CC      net/ipv4/inet_connection_sock.o
  CC [M]  fs/autofs/symlink.o
  CC [M]  fs/isofs/rock.o
  CC [M]  fs/isofs/export.o
  CC      net/ethtool/eeprom.o
  CC [M]  fs/autofs/waitq.o
  CC [M]  fs/isofs/joliet.o
  CC      net/ethtool/stats.o
  CC      drivers/hid/hid-quirks.o
  CC      net/ipv4/tcp.o
  CC [M]  fs/autofs/expire.o
  LD [M]  fs/isofs/isofs.o
  CC      net/ipv4/tcp_input.o
  CC      net/ethtool/phc_vclocks.o
  CC      net/ethtool/mm.o
  CC      net/ethtool/module.o
  CC      drivers/hid/hid-debug.o
  CC [M]  fs/autofs/dev-ioctl.o
  CC      net/ipv4/tcp_output.o
  CC      net/ipv4/tcp_timer.o
  CC      net/ipv4/tcp_ipv4.o
  LD [M]  fs/autofs/autofs4.o
  CC      net/ethtool/pse-pd.o
  CC [M]  fs/overlayfs/super.o
  CC      drivers/hid/hid-generic.o
  CC      drivers/hid/hid-a4tech.o
  CC      net/ethtool/plca.o
  CC [M]  fs/overlayfs/namei.o
  CC [M]  fs/overlayfs/util.o
  CC      drivers/hid/hid-belkin.o
  CC      drivers/hid/hid-cherry.o
  AR      net/ethtool/built-in.a
  CC      net/ipv4/tcp_minisocks.o
  CC [M]  fs/overlayfs/inode.o
  CC [M]  fs/overlayfs/file.o
  CC      drivers/hid/hid-cypress.o
  CC      drivers/hid/hid-ezkey.o
  CC      drivers/hid/hid-ite.o
  CC [M]  fs/overlayfs/dir.o
  CC [M]  fs/overlayfs/readdir.o
  CC      net/ipv4/tcp_cong.o
  CC      drivers/hid/hid-kensington.o
  CC      net/ipv4/tcp_metrics.o
  CC [M]  fs/overlayfs/copy_up.o
  CC [M]  fs/overlayfs/export.o
  CC      net/ipv4/tcp_fastopen.o
  CC      net/ipv4/tcp_rate.o
  CC      drivers/hid/hid-microsoft.o
  CC      drivers/hid/hid-monterey.o
  CC      drivers/hid/hid-redragon.o
  CC [M]  fs/overlayfs/params.o
  CC      net/ipv4/tcp_recovery.o
  CC      net/ipv4/tcp_ulp.o
  CC      net/ipv6/addrconf_core.o
  CC      net/packet/af_packet.o
  CC      net/ipv6/exthdrs_core.o
  CC      net/ipv6/ip6_checksum.o
  AR      drivers/hid/built-in.a
  AR      drivers/built-in.a
  CC      net/ipv6/ip6_icmp.o
  LD [M]  fs/overlayfs/overlay.o
  AR      fs/built-in.a
  CC      net/ipv6/output_core.o
  CC      net/ipv6/protocol.o
  CC      net/ipv4/tcp_offload.o
  CC      net/ipv4/tcp_plb.o
  CC      net/ipv4/datagram.o
  CC      net/ipv4/raw.o
  CC      net/ipv4/udp.o
  CC      net/ipv4/udplite.o
  CC      net/ipv6/ip6_offload.o
  CC      net/ipv6/tcpv6_offload.o
  CC      net/ipv6/exthdrs_offload.o
  CC      net/ipv4/udp_offload.o
  CC      net/sysctl_net.o
  CC      net/ipv4/arp.o
  CC      net/ipv4/icmp.o
  CC      net/ipv4/devinet.o
  AR      net/packet/built-in.a
  AR      net/ipv6/built-in.a
  CC      net/ipv4/af_inet.o
  CC      net/ipv4/igmp.o
  CC      net/ipv4/fib_frontend.o
  CC      net/ipv4/fib_semantics.o
  CC      net/ipv4/fib_trie.o
  CC      net/ipv4/fib_notifier.o
  CC      net/ipv4/inet_fragment.o
  CC      net/ipv4/ping.o
  CC      net/ipv4/ip_tunnel_core.o
  CC      net/ipv4/gre_offload.o
  CC      net/ipv4/metrics.o
  CC      net/ipv4/netlink.o
  CC      net/ipv4/nexthop.o
  CC      net/ipv4/udp_tunnel_stub.o
  CC      net/ipv4/sysctl_net_ipv4.o
  CC      net/ipv4/proc.o
  CC      net/ipv4/inet_diag.o
  CC      net/ipv4/tcp_diag.o
  CC      net/ipv4/tcp_cubic.o
  AR      net/ipv4/built-in.a
  AR      net/built-in.a
  AR      built-in.a
  AR      vmlinux.a
  LD      vmlinux.o
  OBJCOPY modules.builtin.modinfo
  GEN     modules.builtin
  MODPOST Module.symvers
  CC      .vmlinux.export.o
  CC [M]  fs/binfmt_misc.mod.o
  CC [M]  fs/isofs/isofs.mod.o
  CC [M]  fs/autofs/autofs4.mod.o
  CC [M]  fs/overlayfs/overlay.mod.o
  CC [M]  block/bfq.mod.o
  CC [M]  drivers/block/loop.mod.o
  CC [M]  drivers/block/nbd.mod.o
  CC [M]  drivers/net/dummy.mod.o
  CC [M]  drivers/net/veth.mod.o
  CC [M]  drivers/net/ppp/ppp_generic.mod.o
  CC [M]  drivers/net/slip/slip.mod.o
  CC [M]  drivers/net/slip/slhc.mod.o
  LD [M]  fs/binfmt_misc.ko
  LD [M]  fs/isofs/isofs.ko
  LD [M]  fs/autofs/autofs4.ko
  LD [M]  fs/overlayfs/overlay.ko
  LD [M]  block/bfq.ko
  LD [M]  drivers/block/loop.ko
  LD [M]  drivers/block/nbd.ko
  LD [M]  drivers/net/dummy.ko
  LD [M]  drivers/net/slip/slip.ko
  LD [M]  drivers/net/ppp/ppp_generic.ko
  LD [M]  drivers/net/slip/slhc.ko
  LD [M]  drivers/net/veth.ko
  UPD     include/generated/utsversion.h
  CC      init/version-timestamp.o
  LD      .tmp_vmlinux.kallsyms1
  NM      .tmp_vmlinux.kallsyms1.syms
  KSYMS   .tmp_vmlinux.kallsyms1.S
  AS      .tmp_vmlinux.kallsyms1.o
  LD      .tmp_vmlinux.kallsyms2
  NM      .tmp_vmlinux.kallsyms2.syms
  KSYMS   .tmp_vmlinux.kallsyms2.S
  AS      .tmp_vmlinux.kallsyms2.o
  LD      vmlinux
  NM      System.map
  LINK linux
